/home/olek/Programowanie/KNR/hx711TIM/Core/Src/main.c:67:6:get_reading	40	static
/home/olek/Programowanie/KNR/hx711TIM/Core/Src/main.c:82:6:DMA_TransferCompleteCallback	16	static
/home/olek/Programowanie/KNR/hx711TIM/Core/Src/main.c:86:6:HAL_GPIO_EXTI_Callback	16	static
/home/olek/Programowanie/KNR/hx711TIM/Core/Src/main.c:109:5:main	8	static
/home/olek/Programowanie/KNR/hx711TIM/Core/Src/main.c:156:6:SystemClock_Config	64	static
/home/olek/Programowanie/KNR/hx711TIM/Core/Src/main.c:198:6:Error_Handler	8	static,ignoring_inline_asm
