/home/olek/Programowanie/KNR/hx711TIM/Core/Src/stm32c0xx_it.c:69:6:NMI_Handler	8	static
/home/olek/Programowanie/KNR/hx711TIM/Core/Src/stm32c0xx_it.c:84:6:HardFault_Handler	8	static
/home/olek/Programowanie/KNR/hx711TIM/Core/Src/stm32c0xx_it.c:99:6:SVC_Handler	8	static
/home/olek/Programowanie/KNR/hx711TIM/Core/Src/stm32c0xx_it.c:112:6:PendSV_Handler	8	static
/home/olek/Programowanie/KNR/hx711TIM/Core/Src/stm32c0xx_it.c:125:6:SysTick_Handler	8	static
/home/olek/Programowanie/KNR/hx711TIM/Core/Src/stm32c0xx_it.c:146:6:DMA1_Channel1_IRQHandler	8	static
/home/olek/Programowanie/KNR/hx711TIM/Core/Src/stm32c0xx_it.c:161:6:DMAMUX1_DMA1_CH4_5_6_7_IRQHandler	8	static
