/home/olek/Programowanie/KNR/hx711TIM/Core/Src/stm32c0xx_it.c:68:6:NMI_Handler	8	static
/home/olek/Programowanie/KNR/hx711TIM/Core/Src/stm32c0xx_it.c:83:6:HardFault_Handler	8	static
/home/olek/Programowanie/KNR/hx711TIM/Core/Src/stm32c0xx_it.c:98:6:SVC_Handler	8	static
/home/olek/Programowanie/KNR/hx711TIM/Core/Src/stm32c0xx_it.c:111:6:PendSV_Handler	8	static
/home/olek/Programowanie/KNR/hx711TIM/Core/Src/stm32c0xx_it.c:124:6:SysTick_Handler	8	static
/home/olek/Programowanie/KNR/hx711TIM/Core/Src/stm32c0xx_it.c:145:6:DMA1_Channel1_IRQHandler	8	static
