Archive member included to satisfy reference by file (symbol)

/usr/lib/gcc/arm-none-eabi/13.2.1/thumb/v6-m/nofp/libgcc.a(_udivsi3.o)
                              cmake/stm32cubemx/CMakeFiles/STM32_Drivers.dir/__/__/Core/Src/system_stm32c0xx.c.obj (__aeabi_uidiv)
/usr/lib/gcc/arm-none-eabi/13.2.1/thumb/v6-m/nofp/libgcc.a(_dvmd_tls.o)
                              /usr/lib/gcc/arm-none-eabi/13.2.1/thumb/v6-m/nofp/libgcc.a(_udivsi3.o) (__aeabi_idiv0)
/usr/lib/gcc/arm-none-eabi/13.2.1/../../../arm-none-eabi/lib/thumb/v6-m/nofp/libg_nano.a(libc_a-init.o)
                              /usr/lib/gcc/arm-none-eabi/13.2.1/../../../arm-none-eabi/lib/thumb/v6-m/nofp/crt0.o (__libc_init_array)
/usr/lib/gcc/arm-none-eabi/13.2.1/../../../arm-none-eabi/lib/thumb/v6-m/nofp/libg_nano.a(libc_a-memset.o)
                              /usr/lib/gcc/arm-none-eabi/13.2.1/../../../arm-none-eabi/lib/thumb/v6-m/nofp/crt0.o (memset)
/usr/lib/gcc/arm-none-eabi/13.2.1/../../../arm-none-eabi/lib/thumb/v6-m/nofp/libg_nano.a(libc_a-errno.o)
                              CMakeFiles/hx711TIM.dir/Core/Src/sysmem.c.obj (__errno)
/usr/lib/gcc/arm-none-eabi/13.2.1/../../../arm-none-eabi/lib/thumb/v6-m/nofp/libg_nano.a(libc_a-exit.o)
                              /usr/lib/gcc/arm-none-eabi/13.2.1/../../../arm-none-eabi/lib/thumb/v6-m/nofp/crt0.o (exit)
/usr/lib/gcc/arm-none-eabi/13.2.1/../../../arm-none-eabi/lib/thumb/v6-m/nofp/libg_nano.a(libc_a-atexit.o)
                              /usr/lib/gcc/arm-none-eabi/13.2.1/../../../arm-none-eabi/lib/thumb/v6-m/nofp/crt0.o (atexit)
/usr/lib/gcc/arm-none-eabi/13.2.1/../../../arm-none-eabi/lib/thumb/v6-m/nofp/libg_nano.a(libc_a-fini.o)
                              /usr/lib/gcc/arm-none-eabi/13.2.1/../../../arm-none-eabi/lib/thumb/v6-m/nofp/crt0.o (__libc_fini_array)
/usr/lib/gcc/arm-none-eabi/13.2.1/../../../arm-none-eabi/lib/thumb/v6-m/nofp/libg_nano.a(libc_a-impure.o)
                              /usr/lib/gcc/arm-none-eabi/13.2.1/../../../arm-none-eabi/lib/thumb/v6-m/nofp/libg_nano.a(libc_a-errno.o) (_impure_ptr)
/usr/lib/gcc/arm-none-eabi/13.2.1/../../../arm-none-eabi/lib/thumb/v6-m/nofp/libg_nano.a(libc_a-findfp.o)
                              /usr/lib/gcc/arm-none-eabi/13.2.1/../../../arm-none-eabi/lib/thumb/v6-m/nofp/libg_nano.a(libc_a-exit.o) (__stdio_exit_handler)
/usr/lib/gcc/arm-none-eabi/13.2.1/../../../arm-none-eabi/lib/thumb/v6-m/nofp/libg_nano.a(libc_a-fflush.o)
                              /usr/lib/gcc/arm-none-eabi/13.2.1/../../../arm-none-eabi/lib/thumb/v6-m/nofp/libg_nano.a(libc_a-findfp.o) (_fflush_r)
/usr/lib/gcc/arm-none-eabi/13.2.1/../../../arm-none-eabi/lib/thumb/v6-m/nofp/libg_nano.a(libc_a-mallocr.o)
                              /usr/lib/gcc/arm-none-eabi/13.2.1/../../../arm-none-eabi/lib/thumb/v6-m/nofp/libg_nano.a(libc_a-findfp.o) (_malloc_r)
/usr/lib/gcc/arm-none-eabi/13.2.1/../../../arm-none-eabi/lib/thumb/v6-m/nofp/libg_nano.a(libc_a-freer.o)
                              /usr/lib/gcc/arm-none-eabi/13.2.1/../../../arm-none-eabi/lib/thumb/v6-m/nofp/libg_nano.a(libc_a-fflush.o) (_free_r)
/usr/lib/gcc/arm-none-eabi/13.2.1/../../../arm-none-eabi/lib/thumb/v6-m/nofp/libg_nano.a(libc_a-fwalk.o)
                              /usr/lib/gcc/arm-none-eabi/13.2.1/../../../arm-none-eabi/lib/thumb/v6-m/nofp/libg_nano.a(libc_a-findfp.o) (_fwalk_sglue)
/usr/lib/gcc/arm-none-eabi/13.2.1/../../../arm-none-eabi/lib/thumb/v6-m/nofp/libg_nano.a(libc_a-__atexit.o)
                              /usr/lib/gcc/arm-none-eabi/13.2.1/../../../arm-none-eabi/lib/thumb/v6-m/nofp/libg_nano.a(libc_a-atexit.o) (__register_exitproc)
/usr/lib/gcc/arm-none-eabi/13.2.1/../../../arm-none-eabi/lib/thumb/v6-m/nofp/libg_nano.a(libc_a-mlock.o)
                              /usr/lib/gcc/arm-none-eabi/13.2.1/../../../arm-none-eabi/lib/thumb/v6-m/nofp/libg_nano.a(libc_a-mallocr.o) (__malloc_lock)
/usr/lib/gcc/arm-none-eabi/13.2.1/../../../arm-none-eabi/lib/thumb/v6-m/nofp/libg_nano.a(libc_a-sbrkr.o)
                              /usr/lib/gcc/arm-none-eabi/13.2.1/../../../arm-none-eabi/lib/thumb/v6-m/nofp/libg_nano.a(libc_a-mallocr.o) (_sbrk_r)
/usr/lib/gcc/arm-none-eabi/13.2.1/../../../arm-none-eabi/lib/thumb/v6-m/nofp/libg_nano.a(libc_a-stdio.o)
                              /usr/lib/gcc/arm-none-eabi/13.2.1/../../../arm-none-eabi/lib/thumb/v6-m/nofp/libg_nano.a(libc_a-findfp.o) (__sread)
/usr/lib/gcc/arm-none-eabi/13.2.1/../../../arm-none-eabi/lib/thumb/v6-m/nofp/libg_nano.a(libc_a-closer.o)
                              /usr/lib/gcc/arm-none-eabi/13.2.1/../../../arm-none-eabi/lib/thumb/v6-m/nofp/libg_nano.a(libc_a-stdio.o) (_close_r)
/usr/lib/gcc/arm-none-eabi/13.2.1/../../../arm-none-eabi/lib/thumb/v6-m/nofp/libg_nano.a(libc_a-__call_atexit.o)
                              /usr/lib/gcc/arm-none-eabi/13.2.1/../../../arm-none-eabi/lib/thumb/v6-m/nofp/libg_nano.a(libc_a-__atexit.o) (__call_exitprocs)
/usr/lib/gcc/arm-none-eabi/13.2.1/../../../arm-none-eabi/lib/thumb/v6-m/nofp/libg_nano.a(libc_a-readr.o)
[...]
Memory Configuration

Name             Origin             Length             Attributes
RAM              0x20000000         0x00007800         xrw
FLASH            0x08000000         0x00020000         xr
*default*        0x00000000         0xffffffff

Linker script and memory map

LOAD /usr/lib/gcc/arm-none-eabi/13.2.1/thumb/v6-m/nofp/crti.o
LOAD /usr/lib/gcc/arm-none-eabi/13.2.1/thumb/v6-m/nofp/crtbegin.o
LOAD /usr/lib/gcc/arm-none-eabi/13.2.1/../../../arm-none-eabi/lib/thumb/v6-m/nofp/crt0.o
LOAD cmake/stm32cubemx/CMakeFiles/STM32_Drivers.dir/__/__/Core/Src/system_stm32c0xx.c.obj
LOAD cmake/stm32cubemx/CMakeFiles/STM32_Drivers.dir/__/__/Drivers/STM32C0xx_HAL_Driver/Src/stm32c0xx_hal.c.obj
LOAD cmake/stm32cubemx/CMakeFiles/STM32_Drivers.dir/__/__/Drivers/STM32C0xx_HAL_Driver/Src/stm32c0xx_hal_cortex.c.obj
LOAD cmake/stm32cubemx/CMakeFiles/STM32_Drivers.dir/__/__/Drivers/STM32C0xx_HAL_Driver/Src/stm32c0xx_hal_rcc.c.obj
LOAD cmake/stm32cubemx/CMakeFiles/STM32_Drivers.dir/__/__/Drivers/STM32C0xx_HAL_Driver/Src/stm32c0xx_hal_rcc_ex.c.obj
LOAD cmake/stm32cubemx/CMakeFiles/STM32_Drivers.dir/__/__/Drivers/STM32C0xx_HAL_Driver/Src/stm32c0xx_hal_flash.c.obj
LOAD cmake/stm32cubemx/CMakeFiles/STM32_Drivers.dir/__/__/Drivers/STM32C0xx_HAL_Driver/Src/stm32c0xx_hal_flash_ex.c.obj
LOAD cmake/stm32cubemx/CMakeFiles/STM32_Drivers.dir/__/__/Drivers/STM32C0xx_HAL_Driver/Src/stm32c0xx_hal_gpio.c.obj
LOAD cmake/stm32cubemx/CMakeFiles/STM32_Drivers.dir/__/__/Drivers/STM32C0xx_HAL_Driver/Src/stm32c0xx_hal_dma.c.obj
LOAD cmake/stm32cubemx/CMakeFiles/STM32_Drivers.dir/__/__/Drivers/STM32C0xx_HAL_Driver/Src/stm32c0xx_hal_dma_ex.c.obj
LOAD cmake/stm32cubemx/CMakeFiles/STM32_Drivers.dir/__/__/Drivers/STM32C0xx_HAL_Driver/Src/stm32c0xx_hal_pwr.c.obj
LOAD cmake/stm32cubemx/CMakeFiles/STM32_Drivers.dir/__/__/Drivers/STM32C0xx_HAL_Driver/Src/stm32c0xx_hal_pwr_ex.c.obj
LOAD cmake/stm32cubemx/CMakeFiles/STM32_Drivers.dir/__/__/Drivers/STM32C0xx_HAL_Driver/Src/stm32c0xx_hal_exti.c.obj
LOAD cmake/stm32cubemx/CMakeFiles/STM32_Drivers.dir/__/__/Drivers/STM32C0xx_HAL_Driver/Src/stm32c0xx_hal_tim.c.obj
LOAD cmake/stm32cubemx/CMakeFiles/STM32_Drivers.dir/__/__/Drivers/STM32C0xx_HAL_Driver/Src/stm32c0xx_hal_tim_ex.c.obj
LOAD CMakeFiles/hx711TIM.dir/Core/Src/main.c.obj
LOAD CMakeFiles/hx711TIM.dir/Core/Src/gpio.c.obj
LOAD CMakeFiles/hx711TIM.dir/Core/Src/dma.c.obj
LOAD CMakeFiles/hx711TIM.dir/Core/Src/tim.c.obj
LOAD CMakeFiles/hx711TIM.dir/Core/Src/stm32c0xx_it.c.obj
LOAD CMakeFiles/hx711TIM.dir/Core/Src/stm32c0xx_hal_msp.c.obj
LOAD CMakeFiles/hx711TIM.dir/Core/Src/sysmem.c.obj
LOAD CMakeFiles/hx711TIM.dir/Core/Src/syscalls.c.obj
LOAD CMakeFiles/hx711TIM.dir/startup_stm32c092xx.s.obj
LOAD /usr/lib/gcc/arm-none-eabi/13.2.1/../../../arm-none-eabi/lib/thumb/v6-m/nofp/libm.a
START GROUP
LOAD /usr/lib/gcc/arm-none-eabi/13.2.1/thumb/v6-m/nofp/libgcc.a
LOAD /usr/lib/gcc/arm-none-eabi/13.2.1/../../../arm-none-eabi/lib/thumb/v6-m/nofp/libg_nano.a
LOAD /usr/lib/gcc/arm-none-eabi/13.2.1/../../../arm-none-eabi/lib/thumb/v6-m/nofp/libc_nano.a
END GROUP
START GROUP
LOAD /usr/lib/gcc/arm-none-eabi/13.2.1/thumb/v6-m/nofp/libgcc.a
LOAD /usr/lib/gcc/arm-none-eabi/13.2.1/../../../arm-none-eabi/lib/thumb/v6-m/nofp/libc_nano.a
END GROUP
LOAD /usr/lib/gcc/arm-none-eabi/13.2.1/thumb/v6-m/nofp/crtend.o
LOAD /usr/lib/gcc/arm-none-eabi/13.2.1/thumb/v6-m/nofp/crtn.o
                0x20007800                        _estack = (ORIGIN (RAM) + LENGTH (RAM))
                0x20007400                        _sstack = (_estack - _Min_Stack_Size)
                0x00000200                        _Min_Heap_Size = 0x200
                0x00000400                        _Min_Stack_Size = 0x400

.isr_vector     0x08000000       0xc0
                0x08000000                        . = ALIGN (0x4)
 *(.isr_vector)
 .isr_vector    0x08000000       0xc0 CMakeFiles/hx711TIM.dir/startup_stm32c092xx.s.obj
                0x08000000                g_pfnVectors
                0x080000c0                        . = ALIGN (0x4)

.text           0x080000c0     0x26f8
                0x080000c0                        . = ALIGN (0x4)
 *(.text)
 .text          0x080000c0       0x98 /usr/lib/gcc/arm-none-eabi/13.2.1/thumb/v6-m/nofp/crtbegin.o
 .text          0x08000158      0x114 /usr/lib/gcc/arm-none-eabi/13.2.1/thumb/v6-m/nofp/libgcc.a(_udivsi3.o)
                0x08000158                __udivsi3
                0x08000158                __aeabi_uidiv
                0x08000264                __aeabi_uidivmod
 .text          0x0800026c        0x4 /usr/lib/gcc/arm-none-eabi/13.2.1/thumb/v6-m/nofp/libgcc.a(_dvmd_tls.o)
                0x0800026c                __aeabi_ldiv0
                0x0800026c                __aeabi_idiv0
 .text          0x08000270       0x48 /usr/lib/gcc/arm-none-eabi/13.2.1/../../../arm-none-eabi/lib/thumb/v6-m/nofp/libg_nano.a(libc_a-init.o)
                0x08000270                __libc_init_array
 .text          0x080002b8       0xa8 /usr/lib/gcc/arm-none-eabi/13.2.1/../../../arm-none-eabi/lib/thumb/v6-m/nofp/libg_nano.a(libc_a-memset.o)
                0x080002b8                memset
 *(.text*)
 .text.SystemInit
                0x08000360       0x18 cmake/stm32cubemx/CMakeFiles/STM32_Drivers.dir/__/__/Core/Src/system_stm32c0xx.c.obj
                0x08000360                SystemInit
 .text.HAL_Init
                0x08000378       0x2e cmake/stm32cubemx/CMakeFiles/STM32_Drivers.dir/__/__/Drivers/STM32C0xx_HAL_Driver/Src/stm32c0xx_hal.c.obj
                0x08000378                HAL_Init
 *fill*         0x080003a6        0x2 
 .text.HAL_InitTick
                0x080003a8       0x94 cmake/stm32cubemx/CMakeFiles/STM32_Drivers.dir/__/__/Drivers/STM32C0xx_HAL_Driver/Src/stm32c0xx_hal.c.obj
                0x080003a8                HAL_InitTick
 .text.HAL_IncTick
                0x0800043c       0x24 cmake/stm32cubemx/CMakeFiles/STM32_Drivers.dir/__/__/Drivers/STM32C0xx_HAL_Driver/Src/stm32c0xx_hal.c.obj
                0x0800043c                HAL_IncTick
 .text.HAL_GetTick
                0x08000460       0x14 cmake/stm32cubemx/CMakeFiles/STM32_Drivers.dir/__/__/Drivers/STM32C0xx_HAL_Driver/Src/stm32c0xx_hal.c.obj
                0x08000460                HAL_GetTick
 .text.__NVIC_EnableIRQ
                0x08000474       0x34 cmake/stm32cubemx/CMakeFiles/STM32_Drivers.dir/__/__/Drivers/STM32C0xx_HAL_Driver/Src/stm32c0xx_hal_cortex.c.obj
 .text.__NVIC_SetPriority
                0x080004a8       0xdc cmake/stm32cubemx/CMakeFiles/STM32_Drivers.dir/__/__/Drivers/STM32C0xx_HAL_Driver/Src/stm32c0xx_hal_cortex.c.obj
 .text.SysTick_Config
                0x08000584       0x48 cmake/stm32cubemx/CMakeFiles/STM32_Drivers.dir/__/__/Drivers/STM32C0xx_HAL_Driver/Src/stm32c0xx_hal_cortex.c.obj
 .text.HAL_NVIC_SetPriority
                0x080005cc       0x2a cmake/stm32cubemx/CMakeFiles/STM32_Drivers.dir/__/__/Drivers/STM32C0xx_HAL_Driver/Src/stm32c0xx_hal_cortex.c.obj
                0x080005cc                HAL_NVIC_SetPriority
 .text.HAL_NVIC_EnableIRQ
                0x080005f6       0x20 cmake/stm32cubemx/CMakeFiles/STM32_Drivers.dir/__/__/Drivers/STM32C0xx_HAL_Driver/Src/stm32c0xx_hal_cortex.c.obj
                0x080005f6                HAL_NVIC_EnableIRQ
 .text.HAL_SYSTICK_Config
                0x08000616       0x1a cmake/stm32cubemx/CMakeFiles/STM32_Drivers.dir/__/__/Drivers/STM32C0xx_HAL_Driver/Src/stm32c0xx_hal_cortex.c.obj
                0x08000616                HAL_SYSTICK_Config
 .text.HAL_RCC_OscConfig
                0x08000630      0x3c8 cmake/stm32cubemx/CMakeFiles/STM32_Drivers.dir/__/__/Drivers/STM32C0xx_HAL_Driver/Src/stm32c0xx_hal_rcc.c.obj
                0x08000630                HAL_RCC_OscConfig
 .text.HAL_RCC_ClockConfig
                0x080009f8      0x214 cmake/stm32cubemx/CMakeFiles/STM32_Drivers.dir/__/__/Drivers/STM32C0xx_HAL_Driver/Src/stm32c0xx_hal_rcc.c.obj
                0x080009f8                HAL_RCC_ClockConfig
 .text.HAL_RCC_GetSysClockFreq
                0x08000c0c       0xa0 cmake/stm32cubemx/CMakeFiles/STM32_Drivers.dir/__/__/Drivers/STM32C0xx_HAL_Driver/Src/stm32c0xx_hal_rcc.c.obj
                0x08000c0c                HAL_RCC_GetSysClockFreq
 .text.HAL_GPIO_Init
                0x08000cac      0x2e4 cmake/stm32cubemx/CMakeFiles/STM32_Drivers.dir/__/__/Drivers/STM32C0xx_HAL_Driver/Src/stm32c0xx_hal_gpio.c.obj
                0x08000cac                HAL_GPIO_Init
 .text.HAL_DMA_Init
                0x08000f90      0x114 cmake/stm32cubemx/CMakeFiles/STM32_Drivers.dir/__/__/Drivers/STM32C0xx_HAL_Driver/Src/stm32c0xx_hal_dma.c.obj
                0x08000f90                HAL_DMA_Init
 .text.HAL_DMA_IRQHandler
                0x080010a4      0x164 cmake/stm32cubemx/CMakeFiles/STM32_Drivers.dir/__/__/Drivers/STM32C0xx_HAL_Driver/Src/stm32c0xx_hal_dma.c.obj
                0x080010a4                HAL_DMA_IRQHandler
 .text.DMA_CalcDMAMUXChannelBaseAndMask
                0x08001208       0x58 cmake/stm32cubemx/CMakeFiles/STM32_Drivers.dir/__/__/Drivers/STM32C0xx_HAL_Driver/Src/stm32c0xx_hal_dma.c.obj
 .text.DMA_CalcDMAMUXRequestGenBaseAndMask
                0x08001260       0x48 cmake/stm32cubemx/CMakeFiles/STM32_Drivers.dir/__/__/Drivers/STM32C0xx_HAL_Driver/Src/stm32c0xx_hal_dma.c.obj
 .text.HAL_TIM_Base_Init
                0x080012a8       0xb0 cmake/stm32cubemx/CMakeFiles/STM32_Drivers.dir/__/__/Drivers/STM32C0xx_HAL_Driver/Src/stm32c0xx_hal_tim.c.obj
                0x080012a8                HAL_TIM_Base_Init
 .text.HAL_TIM_PWM_Init
                0x08001358       0xb0 cmake/stm32cubemx/CMakeFiles/STM32_Drivers.dir/__/__/Drivers/STM32C0xx_HAL_Driver/Src/stm32c0xx_hal_tim.c.obj
                0x08001358                HAL_TIM_PWM_Init
 .text.HAL_TIM_PWM_MspInit
                0x08001408       0x10 cmake/stm32cubemx/CMakeFiles/STM32_Drivers.dir/__/__/Drivers/STM32C0xx_HAL_Driver/Src/stm32c0xx_hal_tim.c.obj
                0x08001408                HAL_TIM_PWM_MspInit
 .text.HAL_TIM_OnePulse_Init
                0x08001418       0xa2 cmake/stm32cubemx/CMakeFiles/STM32_Drivers.dir/__/__/Drivers/STM32C0xx_HAL_Driver/Src/stm32c0xx_hal_tim.c.obj
                0x08001418                HAL_TIM_OnePulse_Init
 .text.HAL_TIM_OnePulse_MspInit
                0x080014ba       0x10 cmake/stm32cubemx/CMakeFiles/STM32_Drivers.dir/__/__/Drivers/STM32C0xx_HAL_Driver/Src/stm32c0xx_hal_tim.c.obj
                0x080014ba                HAL_TIM_OnePulse_MspInit
 *fill*         0x080014ca        0x2 
 .text.HAL_TIM_PWM_ConfigChannel
                0x080014cc      0x200 cmake/stm32cubemx/CMakeFiles/STM32_Drivers.dir/__/__/Drivers/STM32C0xx_HAL_Driver/Src/stm32c0xx_hal_tim.c.obj
                0x080014cc                HAL_TIM_PWM_ConfigChannel
 .text.HAL_TIM_ConfigClockSource
                0x080016cc      0x1ac cmake/stm32cubemx/CMakeFiles/STM32_Drivers.dir/__/__/Drivers/STM32C0xx_HAL_Driver/Src/stm32c0xx_hal_tim.c.obj
                0x080016cc                HAL_TIM_ConfigClockSource
 .text.TIM_Base_SetConfig
                0x08001878      0x10c cmake/stm32cubemx/CMakeFiles/STM32_Drivers.dir/__/__/Drivers/STM32C0xx_HAL_Driver/Src/stm32c0xx_hal_tim.c.obj
                0x08001878                TIM_Base_SetConfig
 .text.TIM_OC1_SetConfig
                0x08001984      0x114 cmake/stm32cubemx/CMakeFiles/STM32_Drivers.dir/__/__/Drivers/STM32C0xx_HAL_Driver/Src/stm32c0xx_hal_tim.c.obj
 .text.TIM_OC2_SetConfig
                0x08001a98      0x108 cmake/stm32cubemx/CMakeFiles/STM32_Drivers.dir/__/__/Drivers/STM32C0xx_HAL_Driver/Src/stm32c0xx_hal_tim.c.obj
                0x08001a98                TIM_OC2_SetConfig
 .text.TIM_OC3_SetConfig
                0x08001ba0      0x110 cmake/stm32cubemx/CMakeFiles/STM32_Drivers.dir/__/__/Drivers/STM32C0xx_HAL_Driver/Src/stm32c0xx_hal_tim.c.obj
 .text.TIM_OC4_SetConfig
                0x08001cb0       0xd4 cmake/stm32cubemx/CMakeFiles/STM32_Drivers.dir/__/__/Drivers/STM32C0xx_HAL_Driver/Src/stm32c0xx_hal_tim.c.obj
 .text.TIM_OC5_SetConfig
                0x08001d84       0xc0 cmake/stm32cubemx/CMakeFiles/STM32_Drivers.dir/__/__/Drivers/STM32C0xx_HAL_Driver/Src/stm32c0xx_hal_tim.c.obj
 .text.TIM_OC6_SetConfig
                0x08001e44       0xc8 cmake/stm32cubemx/CMakeFiles/STM32_Drivers.dir/__/__/Drivers/STM32C0xx_HAL_Driver/Src/stm32c0xx_hal_tim.c.obj
 .text.TIM_TI1_ConfigInputStage
                0x08001f0c       0x5c cmake/stm32cubemx/CMakeFiles/STM32_Drivers.dir/__/__/Drivers/STM32C0xx_HAL_Driver/Src/stm32c0xx_hal_tim.c.obj
 .text.TIM_TI2_ConfigInputStage
                0x08001f68       0x64 cmake/stm32cubemx/CMakeFiles/STM32_Drivers.dir/__/__/Drivers/STM32C0xx_HAL_Driver/Src/stm32c0xx_hal_tim.c.obj
 .text.TIM_ITRx_SetConfig
                0x08001fcc       0x38 cmake/stm32cubemx/CMakeFiles/STM32_Drivers.dir/__/__/Drivers/STM32C0xx_HAL_Driver/Src/stm32c0xx_hal_tim.c.obj
 .text.TIM_ETR_SetConfig
                0x08002004       0x40 cmake/stm32cubemx/CMakeFiles/STM32_Drivers.dir/__/__/Drivers/STM32C0xx_HAL_Driver/Src/stm32c0xx_hal_tim.c.obj
                0x08002004                TIM_ETR_SetConfig
 .text.HAL_TIMEx_MasterConfigSynchronization
                0x08002044       0xdc cmake/stm32cubemx/CMakeFiles/STM32_Drivers.dir/__/__/Drivers/STM32C0xx_HAL_Driver/Src/stm32c0xx_hal_tim_ex.c.obj
                0x08002044                HAL_TIMEx_MasterConfigSynchronization
 .text.HAL_TIMEx_ConfigBreakDeadTime
                0x08002120      0x138 cmake/stm32cubemx/CMakeFiles/STM32_Drivers.dir/__/__/Drivers/STM32C0xx_HAL_Driver/Src/stm32c0xx_hal_tim_ex.c.obj
                0x08002120                HAL_TIMEx_ConfigBreakDeadTime
 .text.main     0x08002258       0x40 CMakeFiles/hx711TIM.dir/Core/Src/main.c.obj
                0x08002258                main
 .text.SystemClock_Config
                0x08002298       0x9c CMakeFiles/hx711TIM.dir/Core/Src/main.c.obj
                0x08002298                SystemClock_Config
 .text.Error_Handler
                0x08002334        0xc CMakeFiles/hx711TIM.dir/Core/Src/main.c.obj
                0x08002334                Error_Handler
 .text.MX_GPIO_Init
                0x08002340       0x5c CMakeFiles/hx711TIM.dir/Core/Src/gpio.c.obj
                0x08002340                MX_GPIO_Init
 .text.MX_DMA_Init
                0x0800239c       0x4c CMakeFiles/hx711TIM.dir/Core/Src/dma.c.obj
                0x0800239c                MX_DMA_Init
 .text.MX_TIM1_Init
                0x080023e8      0x1a4 CMakeFiles/hx711TIM.dir/Core/Src/tim.c.obj
                0x080023e8                MX_TIM1_Init
 .text.HAL_TIM_Base_MspInit
                0x0800258c       0x9c CMakeFiles/hx711TIM.dir/Core/Src/tim.c.obj
                0x0800258c                HAL_TIM_Base_MspInit
 .text.HAL_TIM_MspPostInit
                0x08002628       0x78 CMakeFiles/hx711TIM.dir/Core/Src/tim.c.obj
                0x08002628                HAL_TIM_MspPostInit
 .text.NMI_Handler
                0x080026a0        0x8 CMakeFiles/hx711TIM.dir/Core/Src/stm32c0xx_it.c.obj
                0x080026a0                NMI_Handler
 .text.HardFault_Handler
                0x080026a8        0x8 CMakeFiles/hx711TIM.dir/Core/Src/stm32c0xx_it.c.obj
                0x080026a8                HardFault_Handler
 .text.SVC_Handler
                0x080026b0        0xa CMakeFiles/hx711TIM.dir/Core/Src/stm32c0xx_it.c.obj
                0x080026b0                SVC_Handler
 .text.PendSV_Handler
                0x080026ba        0xa CMakeFiles/hx711TIM.dir/Core/Src/stm32c0xx_it.c.obj
                0x080026ba                PendSV_Handler
 .text.SysTick_Handler
                0x080026c4        0xe CMakeFiles/hx711TIM.dir/Core/Src/stm32c0xx_it.c.obj
                0x080026c4                SysTick_Handler
 *fill*         0x080026d2        0x2 
 .text.DMA1_Channel1_IRQHandler
                0x080026d4       0x30 CMakeFiles/hx711TIM.dir/Core/Src/stm32c0xx_it.c.obj
                0x080026d4                DMA1_Channel1_IRQHandler
 .text.HAL_MspInit
                0x08002704       0x48 CMakeFiles/hx711TIM.dir/Core/Src/stm32c0xx_hal_msp.c.obj
                0x08002704                HAL_MspInit
 .text.Reset_Handler
                0x0800274c       0x50 CMakeFiles/hx711TIM.dir/startup_stm32c092xx.s.obj
                0x0800274c                Reset_Handler
 .text.Default_Handler
                0x0800279c        0x2 CMakeFiles/hx711TIM.dir/startup_stm32c092xx.s.obj
                0x0800279c                TIM1_CC_IRQHandler
                0x0800279c                I2C1_IRQHandler
                0x0800279c                FDCAN1_IT1_IRQHandler
                0x0800279c                SPI1_IRQHandler
                0x0800279c                USART3_4_IRQHandler
                0x0800279c                EXTI2_3_IRQHandler
                0x0800279c                ADC1_IRQHandler
                0x0800279c                I2C2_IRQHandler
                0x0800279c                TIM17_IRQHandler
                0x0800279c                RTC_IRQHandler
                0x0800279c                TIM16_IRQHandler
                0x0800279c                TIM3_IRQHandler
                0x0800279c                EXTI4_15_IRQHandler
                0x0800279c                RCC_IRQHandler
                0x0800279c                Default_Handler
                0x0800279c                TIM14_IRQHandler
                0x0800279c                TIM15_IRQHandler
                0x0800279c                EXTI0_1_IRQHandler
                0x0800279c                SPI2_IRQHandler
                0x0800279c                WWDG_IRQHandler
                0x0800279c                FDCAN1_IT0_IRQHandler
                0x0800279c                TIM2_IRQHandler
                0x0800279c                DMA1_Channel2_3_IRQHandler
                0x0800279c                DMAMUX1_DMA1_CH4_5_IRQHandler
                0x0800279c                USART2_IRQHandler
                0x0800279c                FLASH_IRQHandler
                0x0800279c                USART1_IRQHandler
                0x0800279c                TIM1_BRK_UP_TRG_COM_IRQHandler
 *(.glue_7)
 .glue_7        0x0800279e        0x0 linker stubs
 *(.glue_7t)
 .glue_7t       0x0800279e        0x0 linker stubs
 *(.eh_frame)
 *fill*         0x0800279e        0x2 
 .eh_frame      0x080027a0        0x0 /usr/lib/gcc/arm-none-eabi/13.2.1/thumb/v6-m/nofp/crtbegin.o
 *(.init)
 .init          0x080027a0        0x4 /usr/lib/gcc/arm-none-eabi/13.2.1/thumb/v6-m/nofp/crti.o
                0x080027a0                _init
 .init          0x080027a4        0x8 /usr/lib/gcc/arm-none-eabi/13.2.1/thumb/v6-m/nofp/crtn.o
 *(.fini)
 .fini          0x080027ac        0x4 /usr/lib/gcc/arm-none-eabi/13.2.1/thumb/v6-m/nofp/crti.o
                0x080027ac                _fini
 .fini          0x080027b0        0x8 /usr/lib/gcc/arm-none-eabi/13.2.1/thumb/v6-m/nofp/crtn.o
                0x080027b8                        . = ALIGN (0x4)
                0x080027b8                        _etext = .

.vfp11_veneer   0x080027b8        0x0
 .vfp11_veneer  0x080027b8        0x0 linker stubs

.v4_bx          0x080027b8        0x0
 .v4_bx         0x080027b8        0x0 linker stubs

.iplt           0x080027b8        0x0
 .iplt          0x080027b8        0x0 /usr/lib/gcc/arm-none-eabi/13.2.1/thumb/v6-m/nofp/crtbegin.o

.rodata         0x080027b8       0x94
                0x080027b8                        . = ALIGN (0x4)
 *(.rodata)
 *(.rodata*)
 .rodata.AHBPrescTable
                0x080027b8       0x40 cmake/stm32cubemx/CMakeFiles/STM32_Drivers.dir/__/__/Core/Src/system_stm32c0xx.c.obj
                0x080027b8                AHBPrescTable
 .rodata.HAL_TIM_PWM_ConfigChannel
                0x080027f8       0x54 cmake/stm32cubemx/CMakeFiles/STM32_Drivers.dir/__/__/Drivers/STM32C0xx_HAL_Driver/Src/stm32c0xx_hal_tim.c.obj
                0x0800284c                        . = ALIGN (0x4)

.ARM.extab      0x0800284c        0x0
                0x0800284c                        . = ALIGN (0x4)
 *(.ARM.extab* .gnu.linkonce.armextab.*)
                0x0800284c                        . = ALIGN (0x4)

.ARM            0x0800284c        0x0
                0x0800284c                        . = ALIGN (0x4)
                0x0800284c                        __exidx_start = .
 *(.ARM.exidx*)
                0x0800284c                        __exidx_end = .
                0x0800284c                        . = ALIGN (0x4)

.preinit_array  0x0800284c        0x0
                0x0800284c                        . = ALIGN (0x4)
                0x0800284c                        PROVIDE (__preinit_array_start = .)
 *(.preinit_array*)
                0x0800284c                        PROVIDE (__preinit_array_end = .)
                0x0800284c                        . = ALIGN (0x4)

.init_array     0x0800284c        0x4
                0x0800284c                        . = ALIGN (0x4)
                0x0800284c                        PROVIDE (__init_array_start = .)
 *(SORT_BY_NAME(.init_array.*))
 *(.init_array*)
 .init_array    0x0800284c        0x4 /usr/lib/gcc/arm-none-eabi/13.2.1/thumb/v6-m/nofp/crtbegin.o
                0x08002850                        PROVIDE (__init_array_end = .)
                0x08002850                        . = ALIGN (0x4)

.fini_array     0x08002850        0x4
                0x08002850                        . = ALIGN (0x4)
                0x08002850                        PROVIDE (__fini_array_start = .)
 *(SORT_BY_NAME(.fini_array.*))
 *(.fini_array*)
 .fini_array    0x08002850        0x4 /usr/lib/gcc/arm-none-eabi/13.2.1/thumb/v6-m/nofp/crtbegin.o
                0x08002854                        PROVIDE (__fini_array_end = .)
                0x08002854                        . = ALIGN (0x4)
                0x08002854                        _sidata = LOADADDR (.data)

.rel.dyn        0x08002854        0x0
 .rel.iplt      0x08002854        0x0 /usr/lib/gcc/arm-none-eabi/13.2.1/thumb/v6-m/nofp/crtbegin.o

.data           0x20000000        0xc load address 0x08002854
                0x20000000                        . = ALIGN (0x4)
                0x20000000                        _sdata = .
 *(.data)
 *(.data*)
 .data.SystemCoreClock
                0x20000000        0x4 cmake/stm32cubemx/CMakeFiles/STM32_Drivers.dir/__/__/Core/Src/system_stm32c0xx.c.obj
                0x20000000                SystemCoreClock
 .data.uwTickPrio
                0x20000004        0x4 cmake/stm32cubemx/CMakeFiles/STM32_Drivers.dir/__/__/Drivers/STM32C0xx_HAL_Driver/Src/stm32c0xx_hal.c.obj
                0x20000004                uwTickPrio
 .data.uwTickFreq
                0x20000008        0x1 cmake/stm32cubemx/CMakeFiles/STM32_Drivers.dir/__/__/Drivers/STM32C0xx_HAL_Driver/Src/stm32c0xx_hal.c.obj
                0x20000008                uwTickFreq
 *(.RamFunc)
 *(.RamFunc*)
                0x2000000c                        . = ALIGN (0x4)
 *fill*         0x20000009        0x3 

.tm_clone_table
                0x2000000c        0x0 load address 0x08002860
 .tm_clone_table
                0x2000000c        0x0 /usr/lib/gcc/arm-none-eabi/13.2.1/thumb/v6-m/nofp/crtbegin.o
 .tm_clone_table
                0x2000000c        0x0 /usr/lib/gcc/arm-none-eabi/13.2.1/thumb/v6-m/nofp/crtend.o

.igot.plt       0x2000000c        0x0 load address 0x08002860
 .igot.plt      0x2000000c        0x0 /usr/lib/gcc/arm-none-eabi/13.2.1/thumb/v6-m/nofp/crtbegin.o

.tdata          0x2000000c        0x0 load address 0x08002860
 *(.tdata .tdata.* .gnu.linkonce.td.*)
                0x2000000c                        . = ALIGN (0x4)
                0x2000000c                        _edata = .
                [!provide]                        PROVIDE (__data_end = .)
                [!provide]                        PROVIDE (__tdata_end = .)
                [!provide]                        PROVIDE (__tdata_start = ADDR (.tdata))
                [!provide]                        PROVIDE (__tdata_size = (__tdata_end - __tdata_start))
                [!provide]                        PROVIDE (__data_start = ADDR (.data))
                [!provide]                        PROVIDE (__data_size = (__data_end - __data_start))
                [!provide]                        PROVIDE (__tdata_source = LOADADDR (.tdata))
                [!provide]                        PROVIDE (__tdata_source_end = (LOADADDR (.tdata) + SIZEOF (.tdata)))
                [!provide]                        PROVIDE (__tdata_source_size = (__tdata_source_end - __tdata_source))
                [!provide]                        PROVIDE (__data_source = LOADADDR (.data))
                [!provide]                        PROVIDE (__data_source_end = __tdata_source_end)
                [!provide]                        PROVIDE (__data_source_size = (__data_source_end - __data_source))

.tbss           0x2000000c        0x0 load address 0x08002860
                0x2000000c                        _sbss = .
                0x2000000c                        __bss_start__ = _sbss
 *(.tbss .tbss.*)
                0x2000000c                        . = ALIGN (0x4)
                [!provide]                        PROVIDE (__tbss_end = .)
                [!provide]                        PROVIDE (__tbss_start = ADDR (.tbss))
                [!provide]                        PROVIDE (__tbss_size = (__tbss_end - __tbss_start))
                [!provide]                        PROVIDE (__tbss_offset = (ADDR (.tbss) - ADDR (.tdata)))
                [!provide]                        PROVIDE (__tls_base = __tdata_start)
                [!provide]                        PROVIDE (__tls_end = __tbss_end)
                [!provide]                        PROVIDE (__tls_size = (__tls_end - __tls_base))
                [!provide]                        PROVIDE (__tls_align = MAX (ALIGNOF (.tdata), ALIGNOF (.tbss)))
                [!provide]                        PROVIDE (__tls_size_align = (((__tls_size + __tls_align) - 0x1) & ~ ((__tls_align - 0x1))))
                [!provide]                        PROVIDE (__arm32_tls_tcb_offset = MAX (0x8, __tls_align))
                [!provide]                        PROVIDE (__arm64_tls_tcb_offset = MAX (0x10, __tls_align))

.bss            0x2000000c      0x130 load address 0x08002860
 *(.bss)
 .bss           0x2000000c       0x1c /usr/lib/gcc/arm-none-eabi/13.2.1/thumb/v6-m/nofp/crtbegin.o
 *(.bss*)
 .bss.uwTick    0x20000028        0x4 cmake/stm32cubemx/CMakeFiles/STM32_Drivers.dir/__/__/Drivers/STM32C0xx_HAL_Driver/Src/stm32c0xx_hal.c.obj
                0x20000028                uwTick
 .bss.gpio_buffer
                0x2000002c       0x64 CMakeFiles/hx711TIM.dir/Core/Src/main.c.obj
                0x2000002c                gpio_buffer
 .bss.htim1     0x20000090       0x4c CMakeFiles/hx711TIM.dir/Core/Src/tim.c.obj
                0x20000090                htim1
 .bss.hdma_tim1_ch1
                0x200000dc       0x5c CMakeFiles/hx711TIM.dir/Core/Src/tim.c.obj
                0x200000dc                hdma_tim1_ch1
 .bss.gpio_transfer_done
                0x20000138        0x4 CMakeFiles/hx711TIM.dir/Core/Src/stm32c0xx_it.c.obj
                0x20000138                gpio_transfer_done
 *(COMMON)
                0x2000013c                        . = ALIGN (0x4)
                0x2000013c                        _ebss = .
                0x2000013c                        __bss_end__ = _ebss
                [!provide]                        PROVIDE (__bss_end = .)
                [!provide]                        PROVIDE (__non_tls_bss_start = ADDR (.bss))
                [!provide]                        PROVIDE (__bss_start = __tbss_start)
                [!provide]                        PROVIDE (__bss_size = (__bss_end - __bss_start))

._user_heap_stack
                0x2000013c      0x604 load address 0x08002860
                0x20000140                        . = ALIGN (0x8)
 *fill*         0x2000013c        0x4 
                [!provide]                        PROVIDE (end = .)
                0x20000140                        PROVIDE (_end = .)
                0x20000340                        . = (. + _Min_Heap_Size)
 *fill*         0x20000140      0x200 
                0x20000740                        . = (. + _Min_Stack_Size)
 *fill*         0x20000340      0x400 
                0x20000740                        . = ALIGN (0x8)

/DISCARD/
 libc.a:*(*)
 libm.a:*(*)
 libgcc.a:*(*)
OUTPUT(hx711TIM.elf elf32-littlearm)
LOAD linker stubs

.ARM.attributes
                0x00000000       0x28
 .ARM.attributes
                0x00000000       0x1e /usr/lib/gcc/arm-none-eabi/13.2.1/thumb/v6-m/nofp/crti.o
 .ARM.attributes
                0x0000001e       0x2c /usr/lib/gcc/arm-none-eabi/13.2.1/thumb/v6-m/nofp/crtbegin.o
 .ARM.attributes
                0x0000004a       0x2c cmake/stm32cubemx/CMakeFiles/STM32_Drivers.dir/__/__/Core/Src/system_stm32c0xx.c.obj
 .ARM.attributes
                0x00000076       0x2c cmake/stm32cubemx/CMakeFiles/STM32_Drivers.dir/__/__/Drivers/STM32C0xx_HAL_Driver/Src/stm32c0xx_hal.c.obj
 .ARM.attributes
                0x000000a2       0x2c cmake/stm32cubemx/CMakeFiles/STM32_Drivers.dir/__/__/Drivers/STM32C0xx_HAL_Driver/Src/stm32c0xx_hal_cortex.c.obj
 .ARM.attributes
                0x000000ce       0x2c cmake/stm32cubemx/CMakeFiles/STM32_Drivers.dir/__/__/Drivers/STM32C0xx_HAL_Driver/Src/stm32c0xx_hal_rcc.c.obj
 .ARM.attributes
                0x000000fa       0x2c cmake/stm32cubemx/CMakeFiles/STM32_Drivers.dir/__/__/Drivers/STM32C0xx_HAL_Driver/Src/stm32c0xx_hal_gpio.c.obj
 .ARM.attributes
                0x00000126       0x2c cmake/stm32cubemx/CMakeFiles/STM32_Drivers.dir/__/__/Drivers/STM32C0xx_HAL_Driver/Src/stm32c0xx_hal_dma.c.obj
 .ARM.attributes
                0x00000152       0x2c cmake/stm32cubemx/CMakeFiles/STM32_Drivers.dir/__/__/Drivers/STM32C0xx_HAL_Driver/Src/stm32c0xx_hal_tim.c.obj
 .ARM.attributes
                0x0000017e       0x2c cmake/stm32cubemx/CMakeFiles/STM32_Drivers.dir/__/__/Drivers/STM32C0xx_HAL_Driver/Src/stm32c0xx_hal_tim_ex.c.obj
 .ARM.attributes
                0x000001aa       0x2c CMakeFiles/hx711TIM.dir/Core/Src/main.c.obj
 .ARM.attributes
                0x000001d6       0x2c CMakeFiles/hx711TIM.dir/Core/Src/gpio.c.obj
 .ARM.attributes
                0x00000202       0x2c CMakeFiles/hx711TIM.dir/Core/Src/dma.c.obj
 .ARM.attributes
                0x0000022e       0x2c CMakeFiles/hx711TIM.dir/Core/Src/tim.c.obj
 .ARM.attributes
                0x0000025a       0x2c CMakeFiles/hx711TIM.dir/Core/Src/stm32c0xx_it.c.obj
 .ARM.attributes
                0x00000286       0x2c CMakeFiles/hx711TIM.dir/Core/Src/stm32c0xx_hal_msp.c.obj
 .ARM.attributes
                0x000002b2       0x22 CMakeFiles/hx711TIM.dir/startup_stm32c092xx.s.obj
 .ARM.attributes
                0x000002d4       0x1e /usr/lib/gcc/arm-none-eabi/13.2.1/thumb/v6-m/nofp/libgcc.a(_udivsi3.o)
 .ARM.attributes
                0x000002f2       0x1e /usr/lib/gcc/arm-none-eabi/13.2.1/thumb/v6-m/nofp/libgcc.a(_dvmd_tls.o)
 .ARM.attributes
                0x00000310       0x2c /usr/lib/gcc/arm-none-eabi/13.2.1/../../../arm-none-eabi/lib/thumb/v6-m/nofp/libg_nano.a(libc_a-init.o)
 .ARM.attributes
                0x0000033c       0x2c /usr/lib/gcc/arm-none-eabi/13.2.1/../../../arm-none-eabi/lib/thumb/v6-m/nofp/libg_nano.a(libc_a-memset.o)
 .ARM.attributes
                0x00000368       0x2c /usr/lib/gcc/arm-none-eabi/13.2.1/thumb/v6-m/nofp/crtend.o
 .ARM.attributes
                0x00000394       0x1e /usr/lib/gcc/arm-none-eabi/13.2.1/thumb/v6-m/nofp/crtn.o

.comment        0x00000000       0x26
 .comment       0x00000000       0x26 /usr/lib/gcc/arm-none-eabi/13.2.1/thumb/v6-m/nofp/crtbegin.o
                                 0x27 (size before relaxing)
 .comment       0x00000026       0x27 cmake/stm32cubemx/CMakeFiles/STM32_Drivers.dir/__/__/Core/Src/system_stm32c0xx.c.obj
 .comment       0x00000026       0x27 cmake/stm32cubemx/CMakeFiles/STM32_Drivers.dir/__/__/Drivers/STM32C0xx_HAL_Driver/Src/stm32c0xx_hal.c.obj
 .comment       0x00000026       0x27 cmake/stm32cubemx/CMakeFiles/STM32_Drivers.dir/__/__/Drivers/STM32C0xx_HAL_Driver/Src/stm32c0xx_hal_cortex.c.obj
 .comment       0x00000026       0x27 cmake/stm32cubemx/CMakeFiles/STM32_Drivers.dir/__/__/Drivers/STM32C0xx_HAL_Driver/Src/stm32c0xx_hal_rcc.c.obj
 .comment       0x00000026       0x27 cmake/stm32cubemx/CMakeFiles/STM32_Drivers.dir/__/__/Drivers/STM32C0xx_HAL_Driver/Src/stm32c0xx_hal_gpio.c.obj
 .comment       0x00000026       0x27 cmake/stm32cubemx/CMakeFiles/STM32_Drivers.dir/__/__/Drivers/STM32C0xx_HAL_Driver/Src/stm32c0xx_hal_dma.c.obj
 .comment       0x00000026       0x27 cmake/stm32cubemx/CMakeFiles/STM32_Drivers.dir/__/__/Drivers/STM32C0xx_HAL_Driver/Src/stm32c0xx_hal_tim.c.obj
 .comment       0x00000026       0x27 cmake/stm32cubemx/CMakeFiles/STM32_Drivers.dir/__/__/Drivers/STM32C0xx_HAL_Driver/Src/stm32c0xx_hal_tim_ex.c.obj
 .comment       0x00000026       0x27 CMakeFiles/hx711TIM.dir/Core/Src/main.c.obj
 .comment       0x00000026       0x27 CMakeFiles/hx711TIM.dir/Core/Src/gpio.c.obj
 .comment       0x00000026       0x27 CMakeFiles/hx711TIM.dir/Core/Src/dma.c.obj
 .comment       0x00000026       0x27 CMakeFiles/hx711TIM.dir/Core/Src/tim.c.obj
 .comment       0x00000026       0x27 CMakeFiles/hx711TIM.dir/Core/Src/stm32c0xx_it.c.obj
 .comment       0x00000026       0x27 CMakeFiles/hx711TIM.dir/Core/Src/stm32c0xx_hal_msp.c.obj
 .comment       0x00000026       0x27 /usr/lib/gcc/arm-none-eabi/13.2.1/../../../arm-none-eabi/lib/thumb/v6-m/nofp/libg_nano.a(libc_a-init.o)
 .comment       0x00000026       0x27 /usr/lib/gcc/arm-none-eabi/13.2.1/../../../arm-none-eabi/lib/thumb/v6-m/nofp/libg_nano.a(libc_a-memset.o)
 .comment       0x00000026       0x27 /usr/lib/gcc/arm-none-eabi/13.2.1/thumb/v6-m/nofp/crtend.o

.debug_info     0x00000000     0x97b0
 .debug_info    0x00000000      0x367 cmake/stm32cubemx/CMakeFiles/STM32_Drivers.dir/__/__/Core/Src/system_stm32c0xx.c.obj
 .debug_info    0x00000367      0x850 cmake/stm32cubemx/CMakeFiles/STM32_Drivers.dir/__/__/Drivers/STM32C0xx_HAL_Driver/Src/stm32c0xx_hal.c.obj
 .debug_info    0x00000bb7      0x881 cmake/stm32cubemx/CMakeFiles/STM32_Drivers.dir/__/__/Drivers/STM32C0xx_HAL_Driver/Src/stm32c0xx_hal_cortex.c.obj
 .debug_info    0x00001438      0x90b cmake/stm32cubemx/CMakeFiles/STM32_Drivers.dir/__/__/Drivers/STM32C0xx_HAL_Driver/Src/stm32c0xx_hal_rcc.c.obj
 .debug_info    0x00001d43      0x587 cmake/stm32cubemx/CMakeFiles/STM32_Drivers.dir/__/__/Drivers/STM32C0xx_HAL_Driver/Src/stm32c0xx_hal_gpio.c.obj
 .debug_info    0x000022ca      0x819 cmake/stm32cubemx/CMakeFiles/STM32_Drivers.dir/__/__/Drivers/STM32C0xx_HAL_Driver/Src/stm32c0xx_hal_dma.c.obj
 .debug_info    0x00002ae3     0x2b6e cmake/stm32cubemx/CMakeFiles/STM32_Drivers.dir/__/__/Drivers/STM32C0xx_HAL_Driver/Src/stm32c0xx_hal_tim.c.obj
 .debug_info    0x00005651     0x1881 cmake/stm32cubemx/CMakeFiles/STM32_Drivers.dir/__/__/Drivers/STM32C0xx_HAL_Driver/Src/stm32c0xx_hal_tim_ex.c.obj
 .debug_info    0x00006ed2      0xb98 CMakeFiles/hx711TIM.dir/Core/Src/main.c.obj
 .debug_info    0x00007a6a      0x31c CMakeFiles/hx711TIM.dir/Core/Src/gpio.c.obj
 .debug_info    0x00007d86      0x2fd CMakeFiles/hx711TIM.dir/Core/Src/dma.c.obj
 .debug_info    0x00008083      0xdf4 CMakeFiles/hx711TIM.dir/Core/Src/tim.c.obj
 .debug_info    0x00008e77      0x444 CMakeFiles/hx711TIM.dir/Core/Src/stm32c0xx_it.c.obj
 .debug_info    0x000092bb      0x20b CMakeFiles/hx711TIM.dir/Core/Src/stm32c0xx_hal_msp.c.obj
 .debug_info    0x000094c6       0x30 CMakeFiles/hx711TIM.dir/startup_stm32c092xx.s.obj
 .debug_info    0x000094f6       0x3e /usr/lib/gcc/arm-none-eabi/13.2.1/thumb/v6-m/nofp/libgcc.a(_udivsi3.o)
 .debug_info    0x00009534       0x3c /usr/lib/gcc/arm-none-eabi/13.2.1/thumb/v6-m/nofp/libgcc.a(_dvmd_tls.o)
 .debug_info    0x00009570      0x10b /usr/lib/gcc/arm-none-eabi/13.2.1/../../../arm-none-eabi/lib/thumb/v6-m/nofp/libg_nano.a(libc_a-init.o)
 .debug_info    0x0000967b      0x135 /usr/lib/gcc/arm-none-eabi/13.2.1/../../../arm-none-eabi/lib/thumb/v6-m/nofp/libg_nano.a(libc_a-memset.o)

.debug_abbrev   0x00000000     0x1d36
 .debug_abbrev  0x00000000      0x119 cmake/stm32cubemx/CMakeFiles/STM32_Drivers.dir/__/__/Core/Src/system_stm32c0xx.c.obj
 .debug_abbrev  0x00000119      0x2cb cmake/stm32cubemx/CMakeFiles/STM32_Drivers.dir/__/__/Drivers/STM32C0xx_HAL_Driver/Src/stm32c0xx_hal.c.obj
 .debug_abbrev  0x000003e4      0x2b7 cmake/stm32cubemx/CMakeFiles/STM32_Drivers.dir/__/__/Drivers/STM32C0xx_HAL_Driver/Src/stm32c0xx_hal_cortex.c.obj
 .debug_abbrev  0x0000069b      0x28c cmake/stm32cubemx/CMakeFiles/STM32_Drivers.dir/__/__/Drivers/STM32C0xx_HAL_Driver/Src/stm32c0xx_hal_rcc.c.obj
 .debug_abbrev  0x00000927      0x1db cmake/stm32cubemx/CMakeFiles/STM32_Drivers.dir/__/__/Drivers/STM32C0xx_HAL_Driver/Src/stm32c0xx_hal_gpio.c.obj
 .debug_abbrev  0x00000b02      0x226 cmake/stm32cubemx/CMakeFiles/STM32_Drivers.dir/__/__/Drivers/STM32C0xx_HAL_Driver/Src/stm32c0xx_hal_dma.c.obj
 .debug_abbrev  0x00000d28      0x287 cmake/stm32cubemx/CMakeFiles/STM32_Drivers.dir/__/__/Drivers/STM32C0xx_HAL_Driver/Src/stm32c0xx_hal_tim.c.obj
 .debug_abbrev  0x00000faf      0x2a7 cmake/stm32cubemx/CMakeFiles/STM32_Drivers.dir/__/__/Drivers/STM32C0xx_HAL_Driver/Src/stm32c0xx_hal_tim_ex.c.obj
 .debug_abbrev  0x00001256      0x238 CMakeFiles/hx711TIM.dir/Core/Src/main.c.obj
 .debug_abbrev  0x0000148e      0x130 CMakeFiles/hx711TIM.dir/Core/Src/gpio.c.obj
 .debug_abbrev  0x000015be      0x10c CMakeFiles/hx711TIM.dir/Core/Src/dma.c.obj
 .debug_abbrev  0x000016ca      0x210 CMakeFiles/hx711TIM.dir/Core/Src/tim.c.obj
 .debug_abbrev  0x000018da      0x194 CMakeFiles/hx711TIM.dir/Core/Src/stm32c0xx_it.c.obj
 .debug_abbrev  0x00001a6e       0xd6 CMakeFiles/hx711TIM.dir/Core/Src/stm32c0xx_hal_msp.c.obj
 .debug_abbrev  0x00001b44       0x24 CMakeFiles/hx711TIM.dir/startup_stm32c092xx.s.obj
 .debug_abbrev  0x00001b68       0x28 /usr/lib/gcc/arm-none-eabi/13.2.1/thumb/v6-m/nofp/libgcc.a(_udivsi3.o)
 .debug_abbrev  0x00001b90       0x26 /usr/lib/gcc/arm-none-eabi/13.2.1/thumb/v6-m/nofp/libgcc.a(_dvmd_tls.o)
 .debug_abbrev  0x00001bb6       0xc9 /usr/lib/gcc/arm-none-eabi/13.2.1/../../../arm-none-eabi/lib/thumb/v6-m/nofp/libg_nano.a(libc_a-init.o)
 .debug_abbrev  0x00001c7f       0xb7 /usr/lib/gcc/arm-none-eabi/13.2.1/../../../arm-none-eabi/lib/thumb/v6-m/nofp/libg_nano.a(libc_a-memset.o)

.debug_aranges  0x00000000      0xae8
 .debug_aranges
                0x00000000       0x28 cmake/stm32cubemx/CMakeFiles/STM32_Drivers.dir/__/__/Core/Src/system_stm32c0xx.c.obj
 .debug_aranges
                0x00000028      0x100 cmake/stm32cubemx/CMakeFiles/STM32_Drivers.dir/__/__/Drivers/STM32C0xx_HAL_Driver/Src/stm32c0xx_hal.c.obj
 .debug_aranges
                0x00000128       0xe8 cmake/stm32cubemx/CMakeFiles/STM32_Drivers.dir/__/__/Drivers/STM32C0xx_HAL_Driver/Src/stm32c0xx_hal_cortex.c.obj
 .debug_aranges
                0x00000210       0xa0 cmake/stm32cubemx/CMakeFiles/STM32_Drivers.dir/__/__/Drivers/STM32C0xx_HAL_Driver/Src/stm32c0xx_hal_rcc.c.obj
 .debug_aranges
                0x000002b0       0x68 cmake/stm32cubemx/CMakeFiles/STM32_Drivers.dir/__/__/Drivers/STM32C0xx_HAL_Driver/Src/stm32c0xx_hal_gpio.c.obj
 .debug_aranges
                0x00000318       0x90 cmake/stm32cubemx/CMakeFiles/STM32_Drivers.dir/__/__/Drivers/STM32C0xx_HAL_Driver/Src/stm32c0xx_hal_dma.c.obj
 .debug_aranges
                0x000003a8      0x3e0 cmake/stm32cubemx/CMakeFiles/STM32_Drivers.dir/__/__/Drivers/STM32C0xx_HAL_Driver/Src/stm32c0xx_hal_tim.c.obj
 .debug_aranges
                0x00000788      0x198 cmake/stm32cubemx/CMakeFiles/STM32_Drivers.dir/__/__/Drivers/STM32C0xx_HAL_Driver/Src/stm32c0xx_hal_tim_ex.c.obj
 .debug_aranges
                0x00000920       0x38 CMakeFiles/hx711TIM.dir/Core/Src/main.c.obj
 .debug_aranges
                0x00000958       0x20 CMakeFiles/hx711TIM.dir/Core/Src/gpio.c.obj
 .debug_aranges
                0x00000978       0x20 CMakeFiles/hx711TIM.dir/Core/Src/dma.c.obj
 .debug_aranges
                0x00000998       0x38 CMakeFiles/hx711TIM.dir/Core/Src/tim.c.obj
 .debug_aranges
                0x000009d0       0x50 CMakeFiles/hx711TIM.dir/Core/Src/stm32c0xx_it.c.obj
 .debug_aranges
                0x00000a20       0x20 CMakeFiles/hx711TIM.dir/Core/Src/stm32c0xx_hal_msp.c.obj
 .debug_aranges
                0x00000a40       0x28 CMakeFiles/hx711TIM.dir/startup_stm32c092xx.s.obj
 .debug_aranges
                0x00000a68       0x20 /usr/lib/gcc/arm-none-eabi/13.2.1/thumb/v6-m/nofp/libgcc.a(_udivsi3.o)
 .debug_aranges
                0x00000a88       0x20 /usr/lib/gcc/arm-none-eabi/13.2.1/thumb/v6-m/nofp/libgcc.a(_dvmd_tls.o)
 .debug_aranges
                0x00000aa8       0x20 /usr/lib/gcc/arm-none-eabi/13.2.1/../../../arm-none-eabi/lib/thumb/v6-m/nofp/libg_nano.a(libc_a-init.o)
 .debug_aranges
                0x00000ac8       0x20 /usr/lib/gcc/arm-none-eabi/13.2.1/../../../arm-none-eabi/lib/thumb/v6-m/nofp/libg_nano.a(libc_a-memset.o)

.debug_rnglists
                0x00000000      0x804
 .debug_rnglists
                0x00000000       0x1a cmake/stm32cubemx/CMakeFiles/STM32_Drivers.dir/__/__/Core/Src/system_stm32c0xx.c.obj
 .debug_rnglists
                0x0000001a       0xbc cmake/stm32cubemx/CMakeFiles/STM32_Drivers.dir/__/__/Drivers/STM32C0xx_HAL_Driver/Src/stm32c0xx_hal.c.obj
 .debug_rnglists
                0x000000d6       0xaa cmake/stm32cubemx/CMakeFiles/STM32_Drivers.dir/__/__/Drivers/STM32C0xx_HAL_Driver/Src/stm32c0xx_hal_cortex.c.obj
 .debug_rnglists
                0x00000180       0x78 cmake/stm32cubemx/CMakeFiles/STM32_Drivers.dir/__/__/Drivers/STM32C0xx_HAL_Driver/Src/stm32c0xx_hal_rcc.c.obj
 .debug_rnglists
                0x000001f8       0x4b cmake/stm32cubemx/CMakeFiles/STM32_Drivers.dir/__/__/Drivers/STM32C0xx_HAL_Driver/Src/stm32c0xx_hal_gpio.c.obj
 .debug_rnglists
                0x00000243       0x72 cmake/stm32cubemx/CMakeFiles/STM32_Drivers.dir/__/__/Drivers/STM32C0xx_HAL_Driver/Src/stm32c0xx_hal_dma.c.obj
 .debug_rnglists
                0x000002b5      0x32a cmake/stm32cubemx/CMakeFiles/STM32_Drivers.dir/__/__/Drivers/STM32C0xx_HAL_Driver/Src/stm32c0xx_hal_tim.c.obj
 .debug_rnglists
                0x000005df      0x14e cmake/stm32cubemx/CMakeFiles/STM32_Drivers.dir/__/__/Drivers/STM32C0xx_HAL_Driver/Src/stm32c0xx_hal_tim_ex.c.obj
 .debug_rnglists
                0x0000072d       0x27 CMakeFiles/hx711TIM.dir/Core/Src/main.c.obj
 .debug_rnglists
                0x00000754       0x13 CMakeFiles/hx711TIM.dir/Core/Src/gpio.c.obj
 .debug_rnglists
                0x00000767       0x13 CMakeFiles/hx711TIM.dir/Core/Src/dma.c.obj
 .debug_rnglists
                0x0000077a       0x27 CMakeFiles/hx711TIM.dir/Core/Src/tim.c.obj
 .debug_rnglists
                0x000007a1       0x37 CMakeFiles/hx711TIM.dir/Core/Src/stm32c0xx_it.c.obj
 .debug_rnglists
                0x000007d8       0x13 CMakeFiles/hx711TIM.dir/Core/Src/stm32c0xx_hal_msp.c.obj
 .debug_rnglists
                0x000007eb       0x19 CMakeFiles/hx711TIM.dir/startup_stm32c092xx.s.obj

.debug_macro    0x00000000    0x145e6
 .debug_macro   0x00000000      0x179 cmake/stm32cubemx/CMakeFiles/STM32_Drivers.dir/__/__/Core/Src/system_stm32c0xx.c.obj
 .debug_macro   0x00000179      0xaae cmake/stm32cubemx/CMakeFiles/STM32_Drivers.dir/__/__/Core/Src/system_stm32c0xx.c.obj
 .debug_macro   0x00000c27       0x2e cmake/stm32cubemx/CMakeFiles/STM32_Drivers.dir/__/__/Core/Src/system_stm32c0xx.c.obj
 .debug_macro   0x00000c55       0x28 cmake/stm32cubemx/CMakeFiles/STM32_Drivers.dir/__/__/Core/Src/system_stm32c0xx.c.obj
 .debug_macro   0x00000c7d      0x34e cmake/stm32cubemx/CMakeFiles/STM32_Drivers.dir/__/__/Core/Src/system_stm32c0xx.c.obj
 .debug_macro   0x00000fcb       0x1c cmake/stm32cubemx/CMakeFiles/STM32_Drivers.dir/__/__/Core/Src/system_stm32c0xx.c.obj
 .debug_macro   0x00000fe7       0x22 cmake/stm32cubemx/CMakeFiles/STM32_Drivers.dir/__/__/Core/Src/system_stm32c0xx.c.obj
 .debug_macro   0x00001009       0xd1 cmake/stm32cubemx/CMakeFiles/STM32_Drivers.dir/__/__/Core/Src/system_stm32c0xx.c.obj
 .debug_macro   0x000010da      0x4da cmake/stm32cubemx/CMakeFiles/STM32_Drivers.dir/__/__/Core/Src/system_stm32c0xx.c.obj
 .debug_macro   0x000015b4      0x11f cmake/stm32cubemx/CMakeFiles/STM32_Drivers.dir/__/__/Core/Src/system_stm32c0xx.c.obj
 .debug_macro   0x000016d3     0xab92 cmake/stm32cubemx/CMakeFiles/STM32_Drivers.dir/__/__/Core/Src/system_stm32c0xx.c.obj
 .debug_macro   0x0000c265       0x6d cmake/stm32cubemx/CMakeFiles/STM32_Drivers.dir/__/__/Core/Src/system_stm32c0xx.c.obj
 .debug_macro   0x0000c2d2      0x1c8 cmake/stm32cubemx/CMakeFiles/STM32_Drivers.dir/__/__/Core/Src/system_stm32c0xx.c.obj
 .debug_macro   0x0000c49a       0xe3 cmake/stm32cubemx/CMakeFiles/STM32_Drivers.dir/__/__/Core/Src/system_stm32c0xx.c.obj
 .debug_macro   0x0000c57d     0x3440 cmake/stm32cubemx/CMakeFiles/STM32_Drivers.dir/__/__/Core/Src/system_stm32c0xx.c.obj
 .debug_macro   0x0000f9bd      0x190 cmake/stm32cubemx/CMakeFiles/STM32_Drivers.dir/__/__/Core/Src/system_stm32c0xx.c.obj
 .debug_macro   0x0000fb4d       0x5b cmake/stm32cubemx/CMakeFiles/STM32_Drivers.dir/__/__/Core/Src/system_stm32c0xx.c.obj
 .debug_macro   0x0000fba8      0x3f9 cmake/stm32cubemx/CMakeFiles/STM32_Drivers.dir/__/__/Core/Src/system_stm32c0xx.c.obj
 .debug_macro   0x0000ffa1      0xd8c cmake/stm32cubemx/CMakeFiles/STM32_Drivers.dir/__/__/Core/Src/system_stm32c0xx.c.obj
 .debug_macro   0x00010d2d      0x176 cmake/stm32cubemx/CMakeFiles/STM32_Drivers.dir/__/__/Core/Src/system_stm32c0xx.c.obj
 .debug_macro   0x00010ea3      0x15f cmake/stm32cubemx/CMakeFiles/STM32_Drivers.dir/__/__/Core/Src/system_stm32c0xx.c.obj
 .debug_macro   0x00011002      0x253 cmake/stm32cubemx/CMakeFiles/STM32_Drivers.dir/__/__/Core/Src/system_stm32c0xx.c.obj
 .debug_macro   0x00011255      0x352 cmake/stm32cubemx/CMakeFiles/STM32_Drivers.dir/__/__/Core/Src/system_stm32c0xx.c.obj
 .debug_macro   0x000115a7      0x18b cmake/stm32cubemx/CMakeFiles/STM32_Drivers.dir/__/__/Core/Src/system_stm32c0xx.c.obj
 .debug_macro   0x00011732       0x43 cmake/stm32cubemx/CMakeFiles/STM32_Drivers.dir/__/__/Core/Src/system_stm32c0xx.c.obj
 .debug_macro   0x00011775      0x1f1 cmake/stm32cubemx/CMakeFiles/STM32_Drivers.dir/__/__/Core/Src/system_stm32c0xx.c.obj
 .debug_macro   0x00011966      0x1b1 cmake/stm32cubemx/CMakeFiles/STM32_Drivers.dir/__/__/Core/Src/system_stm32c0xx.c.obj
 .debug_macro   0x00011b17      0x37c cmake/stm32cubemx/CMakeFiles/STM32_Drivers.dir/__/__/Core/Src/system_stm32c0xx.c.obj
 .debug_macro   0x00011e93       0x28 cmake/stm32cubemx/CMakeFiles/STM32_Drivers.dir/__/__/Core/Src/system_stm32c0xx.c.obj
 .debug_macro   0x00011ebb       0xb3 cmake/stm32cubemx/CMakeFiles/STM32_Drivers.dir/__/__/Core/Src/system_stm32c0xx.c.obj
 .debug_macro   0x00011f6e      0x11d cmake/stm32cubemx/CMakeFiles/STM32_Drivers.dir/__/__/Core/Src/system_stm32c0xx.c.obj
 .debug_macro   0x0001208b       0xf6 cmake/stm32cubemx/CMakeFiles/STM32_Drivers.dir/__/__/Core/Src/system_stm32c0xx.c.obj
 .debug_macro   0x00012181      0xaa6 cmake/stm32cubemx/CMakeFiles/STM32_Drivers.dir/__/__/Core/Src/system_stm32c0xx.c.obj
 .debug_macro   0x00012c27      0x11b cmake/stm32cubemx/CMakeFiles/STM32_Drivers.dir/__/__/Core/Src/system_stm32c0xx.c.obj
 .debug_macro   0x00012d42      0x464 cmake/stm32cubemx/CMakeFiles/STM32_Drivers.dir/__/__/Core/Src/system_stm32c0xx.c.obj
 .debug_macro   0x000131a6      0x191 cmake/stm32cubemx/CMakeFiles/STM32_Drivers.dir/__/__/Drivers/STM32C0xx_HAL_Driver/Src/stm32c0xx_hal.c.obj
 .debug_macro   0x00013337      0x173 cmake/stm32cubemx/CMakeFiles/STM32_Drivers.dir/__/__/Drivers/STM32C0xx_HAL_Driver/Src/stm32c0xx_hal_cortex.c.obj
 .debug_macro   0x000134aa      0x1a3 cmake/stm32cubemx/CMakeFiles/STM32_Drivers.dir/__/__/Drivers/STM32C0xx_HAL_Driver/Src/stm32c0xx_hal_rcc.c.obj
 .debug_macro   0x0001364d      0x1a8 cmake/stm32cubemx/CMakeFiles/STM32_Drivers.dir/__/__/Drivers/STM32C0xx_HAL_Driver/Src/stm32c0xx_hal_gpio.c.obj
 .debug_macro   0x000137f5      0x173 cmake/stm32cubemx/CMakeFiles/STM32_Drivers.dir/__/__/Drivers/STM32C0xx_HAL_Driver/Src/stm32c0xx_hal_dma.c.obj
 .debug_macro   0x00013968      0x17b cmake/stm32cubemx/CMakeFiles/STM32_Drivers.dir/__/__/Drivers/STM32C0xx_HAL_Driver/Src/stm32c0xx_hal_tim.c.obj
 .debug_macro   0x00013ae3      0x179 cmake/stm32cubemx/CMakeFiles/STM32_Drivers.dir/__/__/Drivers/STM32C0xx_HAL_Driver/Src/stm32c0xx_hal_tim_ex.c.obj
 .debug_macro   0x00013c5c      0x1a4 CMakeFiles/hx711TIM.dir/Core/Src/main.c.obj
 .debug_macro   0x00013e00       0x34 CMakeFiles/hx711TIM.dir/Core/Src/main.c.obj
 .debug_macro   0x00013e34      0x18c CMakeFiles/hx711TIM.dir/Core/Src/gpio.c.obj
 .debug_macro   0x00013fc0      0x18c CMakeFiles/hx711TIM.dir/Core/Src/dma.c.obj
 .debug_macro   0x0001414c      0x18c CMakeFiles/hx711TIM.dir/Core/Src/tim.c.obj
 .debug_macro   0x000142d8      0x18c CMakeFiles/hx711TIM.dir/Core/Src/stm32c0xx_it.c.obj
 .debug_macro   0x00014464      0x182 CMakeFiles/hx711TIM.dir/Core/Src/stm32c0xx_hal_msp.c.obj

.debug_line     0x00000000     0xafa2
 .debug_line    0x00000000      0x55e cmake/stm32cubemx/CMakeFiles/STM32_Drivers.dir/__/__/Core/Src/system_stm32c0xx.c.obj
 .debug_line    0x0000055e      0x838 cmake/stm32cubemx/CMakeFiles/STM32_Drivers.dir/__/__/Drivers/STM32C0xx_HAL_Driver/Src/stm32c0xx_hal.c.obj
 .debug_line    0x00000d96      0x953 cmake/stm32cubemx/CMakeFiles/STM32_Drivers.dir/__/__/Drivers/STM32C0xx_HAL_Driver/Src/stm32c0xx_hal_cortex.c.obj
 .debug_line    0x000016e9      0xb6e cmake/stm32cubemx/CMakeFiles/STM32_Drivers.dir/__/__/Drivers/STM32C0xx_HAL_Driver/Src/stm32c0xx_hal_rcc.c.obj
 .debug_line    0x00002257      0x950 cmake/stm32cubemx/CMakeFiles/STM32_Drivers.dir/__/__/Drivers/STM32C0xx_HAL_Driver/Src/stm32c0xx_hal_gpio.c.obj
 .debug_line    0x00002ba7      0xb40 cmake/stm32cubemx/CMakeFiles/STM32_Drivers.dir/__/__/Drivers/STM32C0xx_HAL_Driver/Src/stm32c0xx_hal_dma.c.obj
 .debug_line    0x000036e7     0x3a87 cmake/stm32cubemx/CMakeFiles/STM32_Drivers.dir/__/__/Drivers/STM32C0xx_HAL_Driver/Src/stm32c0xx_hal_tim.c.obj
 .debug_line    0x0000716e     0x1968 cmake/stm32cubemx/CMakeFiles/STM32_Drivers.dir/__/__/Drivers/STM32C0xx_HAL_Driver/Src/stm32c0xx_hal_tim_ex.c.obj
 .debug_line    0x00008ad6      0x609 CMakeFiles/hx711TIM.dir/Core/Src/main.c.obj
 .debug_line    0x000090df      0x50a CMakeFiles/hx711TIM.dir/Core/Src/gpio.c.obj
 .debug_line    0x000095e9      0x4ff CMakeFiles/hx711TIM.dir/Core/Src/dma.c.obj
 .debug_line    0x00009ae8      0x648 CMakeFiles/hx711TIM.dir/Core/Src/tim.c.obj
 .debug_line    0x0000a130      0x592 CMakeFiles/hx711TIM.dir/Core/Src/stm32c0xx_it.c.obj
 .debug_line    0x0000a6c2      0x501 CMakeFiles/hx711TIM.dir/Core/Src/stm32c0xx_hal_msp.c.obj
 .debug_line    0x0000abc3       0x7d CMakeFiles/hx711TIM.dir/startup_stm32c092xx.s.obj
 .debug_line    0x0000ac40       0x56 /usr/lib/gcc/arm-none-eabi/13.2.1/thumb/v6-m/nofp/libgcc.a(_udivsi3.o)
 .debug_line    0x0000ac96       0x4a /usr/lib/gcc/arm-none-eabi/13.2.1/thumb/v6-m/nofp/libgcc.a(_dvmd_tls.o)
 .debug_line    0x0000ace0      0x105 /usr/lib/gcc/arm-none-eabi/13.2.1/../../../arm-none-eabi/lib/thumb/v6-m/nofp/libg_nano.a(libc_a-init.o)
 .debug_line    0x0000ade5      0x1bd /usr/lib/gcc/arm-none-eabi/13.2.1/../../../arm-none-eabi/lib/thumb/v6-m/nofp/libg_nano.a(libc_a-memset.o)

.debug_str      0x00000000    0x82df5
 .debug_str     0x00000000    0x82df5 cmake/stm32cubemx/CMakeFiles/STM32_Drivers.dir/__/__/Core/Src/system_stm32c0xx.c.obj
                              0x7fc6a (size before relaxing)
 .debug_str     0x00082df5    0x802c6 cmake/stm32cubemx/CMakeFiles/STM32_Drivers.dir/__/__/Drivers/STM32C0xx_HAL_Driver/Src/stm32c0xx_hal.c.obj
 .debug_str     0x00082df5    0x800d5 cmake/stm32cubemx/CMakeFiles/STM32_Drivers.dir/__/__/Drivers/STM32C0xx_HAL_Driver/Src/stm32c0xx_hal_cortex.c.obj
 .debug_str     0x00082df5    0x80261 cmake/stm32cubemx/CMakeFiles/STM32_Drivers.dir/__/__/Drivers/STM32C0xx_HAL_Driver/Src/stm32c0xx_hal_rcc.c.obj
 .debug_str     0x00082df5    0x7fe57 cmake/stm32cubemx/CMakeFiles/STM32_Drivers.dir/__/__/Drivers/STM32C0xx_HAL_Driver/Src/stm32c0xx_hal_gpio.c.obj
 .debug_str     0x00082df5    0x800e1 cmake/stm32cubemx/CMakeFiles/STM32_Drivers.dir/__/__/Drivers/STM32C0xx_HAL_Driver/Src/stm32c0xx_hal_dma.c.obj
 .debug_str     0x00082df5    0x81187 cmake/stm32cubemx/CMakeFiles/STM32_Drivers.dir/__/__/Drivers/STM32C0xx_HAL_Driver/Src/stm32c0xx_hal_tim.c.obj
 .debug_str     0x00082df5    0x80b15 cmake/stm32cubemx/CMakeFiles/STM32_Drivers.dir/__/__/Drivers/STM32C0xx_HAL_Driver/Src/stm32c0xx_hal_tim_ex.c.obj
 .debug_str     0x00082df5    0x8049b CMakeFiles/hx711TIM.dir/Core/Src/main.c.obj
 .debug_str     0x00082df5    0x7fd1b CMakeFiles/hx711TIM.dir/Core/Src/gpio.c.obj
 .debug_str     0x00082df5    0x7fe7f CMakeFiles/hx711TIM.dir/Core/Src/dma.c.obj
 .debug_str     0x00082df5    0x80685 CMakeFiles/hx711TIM.dir/Core/Src/tim.c.obj
 .debug_str     0x00082df5    0x7ff70 CMakeFiles/hx711TIM.dir/Core/Src/stm32c0xx_it.c.obj
 .debug_str     0x00082df5    0x7fc97 CMakeFiles/hx711TIM.dir/Core/Src/stm32c0xx_hal_msp.c.obj
 .debug_str     0x00082df5       0x88 CMakeFiles/hx711TIM.dir/startup_stm32c092xx.s.obj
 .debug_str     0x00082df5       0xbe /usr/lib/gcc/arm-none-eabi/13.2.1/thumb/v6-m/nofp/libgcc.a(_udivsi3.o)
 .debug_str     0x00082df5       0xbf /usr/lib/gcc/arm-none-eabi/13.2.1/thumb/v6-m/nofp/libgcc.a(_dvmd_tls.o)
 .debug_str     0x00082df5      0x1f3 /usr/lib/gcc/arm-none-eabi/13.2.1/../../../arm-none-eabi/lib/thumb/v6-m/nofp/libg_nano.a(libc_a-init.o)
 .debug_str     0x00082df5      0x1a6 /usr/lib/gcc/arm-none-eabi/13.2.1/../../../arm-none-eabi/lib/thumb/v6-m/nofp/libg_nano.a(libc_a-memset.o)

.debug_frame    0x00000000     0x249c
 .debug_frame   0x00000000       0x4c cmake/stm32cubemx/CMakeFiles/STM32_Drivers.dir/__/__/Core/Src/system_stm32c0xx.c.obj
 .debug_frame   0x0000004c      0x368 cmake/stm32cubemx/CMakeFiles/STM32_Drivers.dir/__/__/Drivers/STM32C0xx_HAL_Driver/Src/stm32c0xx_hal.c.obj
 .debug_frame   0x000003b4      0x33c cmake/stm32cubemx/CMakeFiles/STM32_Drivers.dir/__/__/Drivers/STM32C0xx_HAL_Driver/Src/stm32c0xx_hal_cortex.c.obj
 .debug_frame   0x000006f0      0x214 cmake/stm32cubemx/CMakeFiles/STM32_Drivers.dir/__/__/Drivers/STM32C0xx_HAL_Driver/Src/stm32c0xx_hal_rcc.c.obj
 .debug_frame   0x00000904      0x150 cmake/stm32cubemx/CMakeFiles/STM32_Drivers.dir/__/__/Drivers/STM32C0xx_HAL_Driver/Src/stm32c0xx_hal_gpio.c.obj
 .debug_frame   0x00000a54      0x1f0 cmake/stm32cubemx/CMakeFiles/STM32_Drivers.dir/__/__/Drivers/STM32C0xx_HAL_Driver/Src/stm32c0xx_hal_dma.c.obj
 .debug_frame   0x00000c44      0xf40 cmake/stm32cubemx/CMakeFiles/STM32_Drivers.dir/__/__/Drivers/STM32C0xx_HAL_Driver/Src/stm32c0xx_hal_tim.c.obj
 .debug_frame   0x00001b84      0x620 cmake/stm32cubemx/CMakeFiles/STM32_Drivers.dir/__/__/Drivers/STM32C0xx_HAL_Driver/Src/stm32c0xx_hal_tim_ex.c.obj
 .debug_frame   0x000021a4       0x88 CMakeFiles/hx711TIM.dir/Core/Src/main.c.obj
 .debug_frame   0x0000222c       0x30 CMakeFiles/hx711TIM.dir/Core/Src/gpio.c.obj
 .debug_frame   0x0000225c       0x30 CMakeFiles/hx711TIM.dir/Core/Src/dma.c.obj
 .debug_frame   0x0000228c       0x90 CMakeFiles/hx711TIM.dir/Core/Src/tim.c.obj
 .debug_frame   0x0000231c       0xd4 CMakeFiles/hx711TIM.dir/Core/Src/stm32c0xx_it.c.obj
 .debug_frame   0x000023f0       0x30 CMakeFiles/hx711TIM.dir/Core/Src/stm32c0xx_hal_msp.c.obj
 .debug_frame   0x00002420       0x20 /usr/lib/gcc/arm-none-eabi/13.2.1/thumb/v6-m/nofp/libgcc.a(_udivsi3.o)
 .debug_frame   0x00002440       0x2c /usr/lib/gcc/arm-none-eabi/13.2.1/../../../arm-none-eabi/lib/thumb/v6-m/nofp/libg_nano.a(libc_a-init.o)
 .debug_frame   0x0000246c       0x30 /usr/lib/gcc/arm-none-eabi/13.2.1/../../../arm-none-eabi/lib/thumb/v6-m/nofp/libg_nano.a(libc_a-memset.o)

.debug_line_str
                0x00000000      0x105
 .debug_line_str
                0x00000000      0x105 CMakeFiles/hx711TIM.dir/startup_stm32c092xx.s.obj
                                 0x6e (size before relaxing)
 .debug_line_str
                0x00000105       0x97 /usr/lib/gcc/arm-none-eabi/13.2.1/thumb/v6-m/nofp/libgcc.a(_udivsi3.o)
 .debug_line_str
                0x00000105       0x97 /usr/lib/gcc/arm-none-eabi/13.2.1/thumb/v6-m/nofp/libgcc.a(_dvmd_tls.o)

.debug_loclists
                0x00000000      0x220
 .debug_loclists
                0x00000000       0x5a /usr/lib/gcc/arm-none-eabi/13.2.1/../../../arm-none-eabi/lib/thumb/v6-m/nofp/libg_nano.a(libc_a-init.o)
 .debug_loclists
                0x0000005a      0x1c6 /usr/lib/gcc/arm-none-eabi/13.2.1/../../../arm-none-eabi/lib/thumb/v6-m/nofp/libg_nano.a(libc_a-memset.o)
