Archive member included to satisfy reference by file (symbol)

/home/olek/.local/share/stm32cube/bundles/gnu-tools-for-stm32/14.3.1+st.2/bin/../lib/gcc/arm-none-eabi/14.3.1/thumb/v6-m/nofp/libgcc.a(_udivsi3.o)
                              cmake/stm32cubemx/CMakeFiles/STM32_Drivers.dir/__/__/Core/Src/system_stm32c0xx.c.obj (__aeabi_uidiv)
/home/olek/.local/share/stm32cube/bundles/gnu-tools-for-stm32/14.3.1+st.2/bin/../lib/gcc/arm-none-eabi/14.3.1/thumb/v6-m/nofp/libgcc.a(_dvmd_tls.o)
                              /home/olek/.local/share/stm32cube/bundles/gnu-tools-for-stm32/14.3.1+st.2/bin/../lib/gcc/arm-none-eabi/14.3.1/thumb/v6-m/nofp/libgcc.a(_udivsi3.o) (__aeabi_idiv0)
/home/olek/.local/share/stm32cube/bundles/gnu-tools-for-stm32/14.3.1+st.2/bin/../lib/gcc/arm-none-eabi/14.3.1/../../../../arm-none-eabi/lib/thumb/v6-m/nofp/libg_nano.a(libc_a-exit.o)
                              /home/olek/.local/share/stm32cube/bundles/gnu-tools-for-stm32/14.3.1+st.2/bin/../lib/gcc/arm-none-eabi/14.3.1/../../../../arm-none-eabi/lib/thumb/v6-m/nofp/crt0.o (exit)
/home/olek/.local/share/stm32cube/bundles/gnu-tools-for-stm32/14.3.1+st.2/bin/../lib/gcc/arm-none-eabi/14.3.1/../../../../arm-none-eabi/lib/thumb/v6-m/nofp/libg_nano.a(libc_a-findfp.o)
                              /home/olek/.local/share/stm32cube/bundles/gnu-tools-for-stm32/14.3.1+st.2/bin/../lib/gcc/arm-none-eabi/14.3.1/../../../../arm-none-eabi/lib/thumb/v6-m/nofp/libg_nano.a(libc_a-exit.o) (__stdio_exit_handler)
/home/olek/.local/share/stm32cube/bundles/gnu-tools-for-stm32/14.3.1+st.2/bin/../lib/gcc/arm-none-eabi/14.3.1/../../../../arm-none-eabi/lib/thumb/v6-m/nofp/libg_nano.a(libc_a-fwalk.o)
                              /home/olek/.local/share/stm32cube/bundles/gnu-tools-for-stm32/14.3.1+st.2/bin/../lib/gcc/arm-none-eabi/14.3.1/../../../../arm-none-eabi/lib/thumb/v6-m/nofp/libg_nano.a(libc_a-findfp.o) (_fwalk_sglue)
/home/olek/.local/share/stm32cube/bundles/gnu-tools-for-stm32/14.3.1+st.2/bin/../lib/gcc/arm-none-eabi/14.3.1/../../../../arm-none-eabi/lib/thumb/v6-m/nofp/libg_nano.a(libc_a-stdio.o)
                              /home/olek/.local/share/stm32cube/bundles/gnu-tools-for-stm32/14.3.1+st.2/bin/../lib/gcc/arm-none-eabi/14.3.1/../../../../arm-none-eabi/lib/thumb/v6-m/nofp/libg_nano.a(libc_a-findfp.o) (__sread)
/home/olek/.local/share/stm32cube/bundles/gnu-tools-for-stm32/14.3.1+st.2/bin/../lib/gcc/arm-none-eabi/14.3.1/../../../../arm-none-eabi/lib/thumb/v6-m/nofp/libg_nano.a(libc_a-memset.o)
                              /home/olek/.local/share/stm32cube/bundles/gnu-tools-for-stm32/14.3.1+st.2/bin/../lib/gcc/arm-none-eabi/14.3.1/../../../../arm-none-eabi/lib/thumb/v6-m/nofp/crt0.o (memset)
/home/olek/.local/share/stm32cube/bundles/gnu-tools-for-stm32/14.3.1+st.2/bin/../lib/gcc/arm-none-eabi/14.3.1/../../../../arm-none-eabi/lib/thumb/v6-m/nofp/libg_nano.a(libc_a-closer.o)
                              /home/olek/.local/share/stm32cube/bundles/gnu-tools-for-stm32/14.3.1+st.2/bin/../lib/gcc/arm-none-eabi/14.3.1/../../../../arm-none-eabi/lib/thumb/v6-m/nofp/libg_nano.a(libc_a-stdio.o) (_close_r)
/home/olek/.local/share/stm32cube/bundles/gnu-tools-for-stm32/14.3.1+st.2/bin/../lib/gcc/arm-none-eabi/14.3.1/../../../../arm-none-eabi/lib/thumb/v6-m/nofp/libg_nano.a(libc_a-reent.o)
                              /home/olek/.local/share/stm32cube/bundles/gnu-tools-for-stm32/14.3.1+st.2/bin/../lib/gcc/arm-none-eabi/14.3.1/../../../../arm-none-eabi/lib/thumb/v6-m/nofp/libg_nano.a(libc_a-closer.o) (errno)
/home/olek/.local/share/stm32cube/bundles/gnu-tools-for-stm32/14.3.1+st.2/bin/../lib/gcc/arm-none-eabi/14.3.1/../../../../arm-none-eabi/lib/thumb/v6-m/nofp/libg_nano.a(libc_a-impure.o)
                              /home/olek/.local/share/stm32cube/bundles/gnu-tools-for-stm32/14.3.1+st.2/bin/../lib/gcc/arm-none-eabi/14.3.1/../../../../arm-none-eabi/lib/thumb/v6-m/nofp/libg_nano.a(libc_a-reent.o) (_impure_ptr)
/home/olek/.local/share/stm32cube/bundles/gnu-tools-for-stm32/14.3.1+st.2/bin/../lib/gcc/arm-none-eabi/14.3.1/../../../../arm-none-eabi/lib/thumb/v6-m/nofp/libg_nano.a(libc_a-lseekr.o)
                              /home/olek/.local/share/stm32cube/bundles/gnu-tools-for-stm32/14.3.1+st.2/bin/../lib/gcc/arm-none-eabi/14.3.1/../../../../arm-none-eabi/lib/thumb/v6-m/nofp/libg_nano.a(libc_a-stdio.o) (_lseek_r)
/home/olek/.local/share/stm32cube/bundles/gnu-tools-for-stm32/14.3.1+st.2/bin/../lib/gcc/arm-none-eabi/14.3.1/../../../../arm-none-eabi/lib/thumb/v6-m/nofp/libg_nano.a(libc_a-readr.o)
                              /home/olek/.local/share/stm32cube/bundles/gnu-tools-for-stm32/14.3.1+st.2/bin/../lib/gcc/arm-none-eabi/14.3.1/../../../../arm-none-eabi/lib/thumb/v6-m/nofp/libg_nano.a(libc_a-stdio.o) (_read_r)
/home/olek/.local/share/stm32cube/bundles/gnu-tools-for-stm32/14.3.1+st.2/bin/../lib/gcc/arm-none-eabi/14.3.1/../../../../arm-none-eabi/lib/thumb/v6-m/nofp/libg_nano.a(libc_a-writer.o)
[...]
Memory Configuration

Name             Origin             Length             Attributes
RAM              0x20000000         0x00007800         xrw
FLASH            0x08000000         0x00020000         xr
*default*        0x00000000         0xffffffff

Linker script and memory map

LOAD /home/olek/.local/share/stm32cube/bundles/gnu-tools-for-stm32/14.3.1+st.2/bin/../lib/gcc/arm-none-eabi/14.3.1/thumb/v6-m/nofp/crti.o
LOAD /home/olek/.local/share/stm32cube/bundles/gnu-tools-for-stm32/14.3.1+st.2/bin/../lib/gcc/arm-none-eabi/14.3.1/thumb/v6-m/nofp/crtbegin.o
LOAD /home/olek/.local/share/stm32cube/bundles/gnu-tools-for-stm32/14.3.1+st.2/bin/../lib/gcc/arm-none-eabi/14.3.1/../../../../arm-none-eabi/lib/thumb/v6-m/nofp/crt0.o
LOAD cmake/stm32cubemx/CMakeFiles/STM32_Drivers.dir/__/__/Core/Src/system_stm32c0xx.c.obj
LOAD cmake/stm32cubemx/CMakeFiles/STM32_Drivers.dir/__/__/Drivers/STM32C0xx_HAL_Driver/Src/stm32c0xx_hal.c.obj
LOAD cmake/stm32cubemx/CMakeFiles/STM32_Drivers.dir/__/__/Drivers/STM32C0xx_HAL_Driver/Src/stm32c0xx_hal_cortex.c.obj
LOAD cmake/stm32cubemx/CMakeFiles/STM32_Drivers.dir/__/__/Drivers/STM32C0xx_HAL_Driver/Src/stm32c0xx_hal_rcc.c.obj
LOAD cmake/stm32cubemx/CMakeFiles/STM32_Drivers.dir/__/__/Drivers/STM32C0xx_HAL_Driver/Src/stm32c0xx_hal_rcc_ex.c.obj
LOAD cmake/stm32cubemx/CMakeFiles/STM32_Drivers.dir/__/__/Drivers/STM32C0xx_HAL_Driver/Src/stm32c0xx_hal_flash.c.obj
LOAD cmake/stm32cubemx/CMakeFiles/STM32_Drivers.dir/__/__/Drivers/STM32C0xx_HAL_Driver/Src/stm32c0xx_hal_flash_ex.c.obj
LOAD cmake/stm32cubemx/CMakeFiles/STM32_Drivers.dir/__/__/Drivers/STM32C0xx_HAL_Driver/Src/stm32c0xx_hal_gpio.c.obj
LOAD cmake/stm32cubemx/CMakeFiles/STM32_Drivers.dir/__/__/Drivers/STM32C0xx_HAL_Driver/Src/stm32c0xx_hal_dma.c.obj
LOAD cmake/stm32cubemx/CMakeFiles/STM32_Drivers.dir/__/__/Drivers/STM32C0xx_HAL_Driver/Src/stm32c0xx_hal_dma_ex.c.obj
LOAD cmake/stm32cubemx/CMakeFiles/STM32_Drivers.dir/__/__/Drivers/STM32C0xx_HAL_Driver/Src/stm32c0xx_hal_pwr.c.obj
LOAD cmake/stm32cubemx/CMakeFiles/STM32_Drivers.dir/__/__/Drivers/STM32C0xx_HAL_Driver/Src/stm32c0xx_hal_pwr_ex.c.obj
LOAD cmake/stm32cubemx/CMakeFiles/STM32_Drivers.dir/__/__/Drivers/STM32C0xx_HAL_Driver/Src/stm32c0xx_hal_exti.c.obj
LOAD cmake/stm32cubemx/CMakeFiles/STM32_Drivers.dir/__/__/Drivers/STM32C0xx_HAL_Driver/Src/stm32c0xx_hal_fdcan.c.obj
LOAD cmake/stm32cubemx/CMakeFiles/STM32_Drivers.dir/__/__/Drivers/STM32C0xx_HAL_Driver/Src/stm32c0xx_hal_tim.c.obj
LOAD cmake/stm32cubemx/CMakeFiles/STM32_Drivers.dir/__/__/Drivers/STM32C0xx_HAL_Driver/Src/stm32c0xx_hal_tim_ex.c.obj
LOAD CMakeFiles/hx711TIM.dir/Core/Src/main.c.obj
LOAD CMakeFiles/hx711TIM.dir/Core/Src/gpio.c.obj
LOAD CMakeFiles/hx711TIM.dir/Core/Src/dma.c.obj
LOAD CMakeFiles/hx711TIM.dir/Core/Src/fdcan.c.obj
LOAD CMakeFiles/hx711TIM.dir/Core/Src/tim.c.obj
LOAD CMakeFiles/hx711TIM.dir/Core/Src/stm32c0xx_it.c.obj
LOAD CMakeFiles/hx711TIM.dir/Core/Src/stm32c0xx_hal_msp.c.obj
LOAD CMakeFiles/hx711TIM.dir/Core/Src/sysmem.c.obj
LOAD CMakeFiles/hx711TIM.dir/Core/Src/syscalls.c.obj
LOAD CMakeFiles/hx711TIM.dir/startup_stm32c092xx.s.obj
LOAD /home/olek/.local/share/stm32cube/bundles/gnu-tools-for-stm32/14.3.1+st.2/bin/../lib/gcc/arm-none-eabi/14.3.1/../../../../arm-none-eabi/lib/thumb/v6-m/nofp/libm.a
START GROUP
LOAD /home/olek/.local/share/stm32cube/bundles/gnu-tools-for-stm32/14.3.1+st.2/bin/../lib/gcc/arm-none-eabi/14.3.1/thumb/v6-m/nofp/libgcc.a
LOAD /home/olek/.local/share/stm32cube/bundles/gnu-tools-for-stm32/14.3.1+st.2/bin/../lib/gcc/arm-none-eabi/14.3.1/../../../../arm-none-eabi/lib/thumb/v6-m/nofp/libg_nano.a
LOAD /home/olek/.local/share/stm32cube/bundles/gnu-tools-for-stm32/14.3.1+st.2/bin/../lib/gcc/arm-none-eabi/14.3.1/../../../../arm-none-eabi/lib/thumb/v6-m/nofp/libc_nano.a
END GROUP
START GROUP
LOAD /home/olek/.local/share/stm32cube/bundles/gnu-tools-for-stm32/14.3.1+st.2/bin/../lib/gcc/arm-none-eabi/14.3.1/thumb/v6-m/nofp/libgcc.a
LOAD /home/olek/.local/share/stm32cube/bundles/gnu-tools-for-stm32/14.3.1+st.2/bin/../lib/gcc/arm-none-eabi/14.3.1/../../../../arm-none-eabi/lib/thumb/v6-m/nofp/libc_nano.a
END GROUP
LOAD /home/olek/.local/share/stm32cube/bundles/gnu-tools-for-stm32/14.3.1+st.2/bin/../lib/gcc/arm-none-eabi/14.3.1/thumb/v6-m/nofp/crtend.o
LOAD /home/olek/.local/share/stm32cube/bundles/gnu-tools-for-stm32/14.3.1+st.2/bin/../lib/gcc/arm-none-eabi/14.3.1/thumb/v6-m/nofp/crtn.o
                0x20007800                        _estack = (ORIGIN (RAM) + LENGTH (RAM))
                0x20007400                        _sstack = (_estack - _Min_Stack_Size)
                0x00000200                        _Min_Heap_Size = 0x200
                0x00000400                        _Min_Stack_Size = 0x400

.isr_vector     0x08000000       0xc0
                0x08000000                        . = ALIGN (0x4)
 *(.isr_vector)
 .isr_vector    0x08000000       0xc0 CMakeFiles/hx711TIM.dir/startup_stm32c092xx.s.obj
                0x08000000                g_pfnVectors
                0x080000c0                        . = ALIGN (0x4)

.text           0x080000c0     0x2cbc
                0x080000c0                        . = ALIGN (0x4)
 *(.text)
 .text          0x080000c0       0x48 /home/olek/.local/share/stm32cube/bundles/gnu-tools-for-stm32/14.3.1+st.2/bin/../lib/gcc/arm-none-eabi/14.3.1/thumb/v6-m/nofp/crtbegin.o
 .text          0x08000108      0x114 /home/olek/.local/share/stm32cube/bundles/gnu-tools-for-stm32/14.3.1+st.2/bin/../lib/gcc/arm-none-eabi/14.3.1/thumb/v6-m/nofp/libgcc.a(_udivsi3.o)
                0x08000108                __udivsi3
                0x08000108                __aeabi_uidiv
                0x08000214                __aeabi_uidivmod
 .text          0x0800021c        0x4 /home/olek/.local/share/stm32cube/bundles/gnu-tools-for-stm32/14.3.1+st.2/bin/../lib/gcc/arm-none-eabi/14.3.1/thumb/v6-m/nofp/libgcc.a(_dvmd_tls.o)
                0x0800021c                __aeabi_ldiv0
                0x0800021c                __aeabi_idiv0
 *(.text*)
 .text.SystemInit
                0x08000220       0x18 cmake/stm32cubemx/CMakeFiles/STM32_Drivers.dir/__/__/Core/Src/system_stm32c0xx.c.obj
                0x08000220                SystemInit
 .text.HAL_Init
                0x08000238       0x2e cmake/stm32cubemx/CMakeFiles/STM32_Drivers.dir/__/__/Drivers/STM32C0xx_HAL_Driver/Src/stm32c0xx_hal.c.obj
                0x08000238                HAL_Init
 *fill*         0x08000266        0x2 
 .text.HAL_InitTick
                0x08000268       0x94 cmake/stm32cubemx/CMakeFiles/STM32_Drivers.dir/__/__/Drivers/STM32C0xx_HAL_Driver/Src/stm32c0xx_hal.c.obj
                0x08000268                HAL_InitTick
 .text.HAL_IncTick
                0x080002fc       0x24 cmake/stm32cubemx/CMakeFiles/STM32_Drivers.dir/__/__/Drivers/STM32C0xx_HAL_Driver/Src/stm32c0xx_hal.c.obj
                0x080002fc                HAL_IncTick
 .text.HAL_GetTick
                0x08000320       0x14 cmake/stm32cubemx/CMakeFiles/STM32_Drivers.dir/__/__/Drivers/STM32C0xx_HAL_Driver/Src/stm32c0xx_hal.c.obj
                0x08000320                HAL_GetTick
 .text.__NVIC_EnableIRQ
                0x08000334       0x34 cmake/stm32cubemx/CMakeFiles/STM32_Drivers.dir/__/__/Drivers/STM32C0xx_HAL_Driver/Src/stm32c0xx_hal_cortex.c.obj
 .text.__NVIC_SetPriority
                0x08000368       0xdc cmake/stm32cubemx/CMakeFiles/STM32_Drivers.dir/__/__/Drivers/STM32C0xx_HAL_Driver/Src/stm32c0xx_hal_cortex.c.obj
 .text.SysTick_Config
                0x08000444       0x48 cmake/stm32cubemx/CMakeFiles/STM32_Drivers.dir/__/__/Drivers/STM32C0xx_HAL_Driver/Src/stm32c0xx_hal_cortex.c.obj
 .text.HAL_NVIC_SetPriority
                0x0800048c       0x2a cmake/stm32cubemx/CMakeFiles/STM32_Drivers.dir/__/__/Drivers/STM32C0xx_HAL_Driver/Src/stm32c0xx_hal_cortex.c.obj
                0x0800048c                HAL_NVIC_SetPriority
 .text.HAL_NVIC_EnableIRQ
                0x080004b6       0x20 cmake/stm32cubemx/CMakeFiles/STM32_Drivers.dir/__/__/Drivers/STM32C0xx_HAL_Driver/Src/stm32c0xx_hal_cortex.c.obj
                0x080004b6                HAL_NVIC_EnableIRQ
 .text.HAL_SYSTICK_Config
                0x080004d6       0x1a cmake/stm32cubemx/CMakeFiles/STM32_Drivers.dir/__/__/Drivers/STM32C0xx_HAL_Driver/Src/stm32c0xx_hal_cortex.c.obj
                0x080004d6                HAL_SYSTICK_Config
 .text.HAL_RCC_OscConfig
                0x080004f0      0x3c8 cmake/stm32cubemx/CMakeFiles/STM32_Drivers.dir/__/__/Drivers/STM32C0xx_HAL_Driver/Src/stm32c0xx_hal_rcc.c.obj
                0x080004f0                HAL_RCC_OscConfig
 .text.HAL_RCC_ClockConfig
                0x080008b8      0x214 cmake/stm32cubemx/CMakeFiles/STM32_Drivers.dir/__/__/Drivers/STM32C0xx_HAL_Driver/Src/stm32c0xx_hal_rcc.c.obj
                0x080008b8                HAL_RCC_ClockConfig
 .text.HAL_RCC_GetSysClockFreq
                0x08000acc       0xa0 cmake/stm32cubemx/CMakeFiles/STM32_Drivers.dir/__/__/Drivers/STM32C0xx_HAL_Driver/Src/stm32c0xx_hal_rcc.c.obj
                0x08000acc                HAL_RCC_GetSysClockFreq
 .text.HAL_RCCEx_PeriphCLKConfig
                0x08000b6c      0x1f4 cmake/stm32cubemx/CMakeFiles/STM32_Drivers.dir/__/__/Drivers/STM32C0xx_HAL_Driver/Src/stm32c0xx_hal_rcc_ex.c.obj
                0x08000b6c                HAL_RCCEx_PeriphCLKConfig
 .text.HAL_GPIO_Init
                0x08000d60      0x2e4 cmake/stm32cubemx/CMakeFiles/STM32_Drivers.dir/__/__/Drivers/STM32C0xx_HAL_Driver/Src/stm32c0xx_hal_gpio.c.obj
                0x08000d60                HAL_GPIO_Init
 .text.HAL_DMA_Init
                0x08001044      0x114 cmake/stm32cubemx/CMakeFiles/STM32_Drivers.dir/__/__/Drivers/STM32C0xx_HAL_Driver/Src/stm32c0xx_hal_dma.c.obj
                0x08001044                HAL_DMA_Init
 .text.HAL_DMA_IRQHandler
                0x08001158      0x164 cmake/stm32cubemx/CMakeFiles/STM32_Drivers.dir/__/__/Drivers/STM32C0xx_HAL_Driver/Src/stm32c0xx_hal_dma.c.obj
                0x08001158                HAL_DMA_IRQHandler
 .text.DMA_CalcDMAMUXChannelBaseAndMask
                0x080012bc       0x58 cmake/stm32cubemx/CMakeFiles/STM32_Drivers.dir/__/__/Drivers/STM32C0xx_HAL_Driver/Src/stm32c0xx_hal_dma.c.obj
 .text.DMA_CalcDMAMUXRequestGenBaseAndMask
                0x08001314       0x48 cmake/stm32cubemx/CMakeFiles/STM32_Drivers.dir/__/__/Drivers/STM32C0xx_HAL_Driver/Src/stm32c0xx_hal_dma.c.obj
 .text.HAL_FDCAN_Init
                0x0800135c      0x2c0 cmake/stm32cubemx/CMakeFiles/STM32_Drivers.dir/__/__/Drivers/STM32C0xx_HAL_Driver/Src/stm32c0xx_hal_fdcan.c.obj
                0x0800135c                HAL_FDCAN_Init
 .text.FDCAN_CalcultateRamBlockAddresses
                0x0800161c       0xc0 cmake/stm32cubemx/CMakeFiles/STM32_Drivers.dir/__/__/Drivers/STM32C0xx_HAL_Driver/Src/stm32c0xx_hal_fdcan.c.obj
 .text.HAL_TIM_Base_Init
                0x080016dc       0xb0 cmake/stm32cubemx/CMakeFiles/STM32_Drivers.dir/__/__/Drivers/STM32C0xx_HAL_Driver/Src/stm32c0xx_hal_tim.c.obj
                0x080016dc                HAL_TIM_Base_Init
 .text.HAL_TIM_PWM_Init
                0x0800178c       0xb0 cmake/stm32cubemx/CMakeFiles/STM32_Drivers.dir/__/__/Drivers/STM32C0xx_HAL_Driver/Src/stm32c0xx_hal_tim.c.obj
                0x0800178c                HAL_TIM_PWM_Init
 .text.HAL_TIM_PWM_MspInit
                0x0800183c       0x10 cmake/stm32cubemx/CMakeFiles/STM32_Drivers.dir/__/__/Drivers/STM32C0xx_HAL_Driver/Src/stm32c0xx_hal_tim.c.obj
                0x0800183c                HAL_TIM_PWM_MspInit
 .text.HAL_TIM_OnePulse_Init
                0x0800184c       0xa2 cmake/stm32cubemx/CMakeFiles/STM32_Drivers.dir/__/__/Drivers/STM32C0xx_HAL_Driver/Src/stm32c0xx_hal_tim.c.obj
                0x0800184c                HAL_TIM_OnePulse_Init
 .text.HAL_TIM_OnePulse_MspInit
                0x080018ee       0x10 cmake/stm32cubemx/CMakeFiles/STM32_Drivers.dir/__/__/Drivers/STM32C0xx_HAL_Driver/Src/stm32c0xx_hal_tim.c.obj
                0x080018ee                HAL_TIM_OnePulse_MspInit
 *fill*         0x080018fe        0x2 
 .text.HAL_TIM_PWM_ConfigChannel
                0x08001900      0x200 cmake/stm32cubemx/CMakeFiles/STM32_Drivers.dir/__/__/Drivers/STM32C0xx_HAL_Driver/Src/stm32c0xx_hal_tim.c.obj
                0x08001900                HAL_TIM_PWM_ConfigChannel
 .text.HAL_TIM_ConfigClockSource
                0x08001b00      0x1ac cmake/stm32cubemx/CMakeFiles/STM32_Drivers.dir/__/__/Drivers/STM32C0xx_HAL_Driver/Src/stm32c0xx_hal_tim.c.obj
                0x08001b00                HAL_TIM_ConfigClockSource
 .text.TIM_Base_SetConfig
                0x08001cac      0x10c cmake/stm32cubemx/CMakeFiles/STM32_Drivers.dir/__/__/Drivers/STM32C0xx_HAL_Driver/Src/stm32c0xx_hal_tim.c.obj
                0x08001cac                TIM_Base_SetConfig
 .text.TIM_OC1_SetConfig
                0x08001db8      0x114 cmake/stm32cubemx/CMakeFiles/STM32_Drivers.dir/__/__/Drivers/STM32C0xx_HAL_Driver/Src/stm32c0xx_hal_tim.c.obj
 .text.TIM_OC2_SetConfig
                0x08001ecc      0x108 cmake/stm32cubemx/CMakeFiles/STM32_Drivers.dir/__/__/Drivers/STM32C0xx_HAL_Driver/Src/stm32c0xx_hal_tim.c.obj
                0x08001ecc                TIM_OC2_SetConfig
 .text.TIM_OC3_SetConfig
                0x08001fd4      0x110 cmake/stm32cubemx/CMakeFiles/STM32_Drivers.dir/__/__/Drivers/STM32C0xx_HAL_Driver/Src/stm32c0xx_hal_tim.c.obj
 .text.TIM_OC4_SetConfig
                0x080020e4       0xd4 cmake/stm32cubemx/CMakeFiles/STM32_Drivers.dir/__/__/Drivers/STM32C0xx_HAL_Driver/Src/stm32c0xx_hal_tim.c.obj
 .text.TIM_OC5_SetConfig
                0x080021b8       0xc0 cmake/stm32cubemx/CMakeFiles/STM32_Drivers.dir/__/__/Drivers/STM32C0xx_HAL_Driver/Src/stm32c0xx_hal_tim.c.obj
 .text.TIM_OC6_SetConfig
                0x08002278       0xc8 cmake/stm32cubemx/CMakeFiles/STM32_Drivers.dir/__/__/Drivers/STM32C0xx_HAL_Driver/Src/stm32c0xx_hal_tim.c.obj
 .text.TIM_TI1_ConfigInputStage
                0x08002340       0x5c cmake/stm32cubemx/CMakeFiles/STM32_Drivers.dir/__/__/Drivers/STM32C0xx_HAL_Driver/Src/stm32c0xx_hal_tim.c.obj
 .text.TIM_TI2_ConfigInputStage
                0x0800239c       0x64 cmake/stm32cubemx/CMakeFiles/STM32_Drivers.dir/__/__/Drivers/STM32C0xx_HAL_Driver/Src/stm32c0xx_hal_tim.c.obj
 .text.TIM_ITRx_SetConfig
                0x08002400       0x38 cmake/stm32cubemx/CMakeFiles/STM32_Drivers.dir/__/__/Drivers/STM32C0xx_HAL_Driver/Src/stm32c0xx_hal_tim.c.obj
 .text.TIM_ETR_SetConfig
                0x08002438       0x40 cmake/stm32cubemx/CMakeFiles/STM32_Drivers.dir/__/__/Drivers/STM32C0xx_HAL_Driver/Src/stm32c0xx_hal_tim.c.obj
                0x08002438                TIM_ETR_SetConfig
 .text.HAL_TIMEx_MasterConfigSynchronization
                0x08002478       0xdc cmake/stm32cubemx/CMakeFiles/STM32_Drivers.dir/__/__/Drivers/STM32C0xx_HAL_Driver/Src/stm32c0xx_hal_tim_ex.c.obj
                0x08002478                HAL_TIMEx_MasterConfigSynchronization
 .text.HAL_TIMEx_ConfigBreakDeadTime
                0x08002554      0x138 cmake/stm32cubemx/CMakeFiles/STM32_Drivers.dir/__/__/Drivers/STM32C0xx_HAL_Driver/Src/stm32c0xx_hal_tim_ex.c.obj
                0x08002554                HAL_TIMEx_ConfigBreakDeadTime
 .text.DMA_TransferCompleteCallback
                0x0800268c       0x1c CMakeFiles/hx711TIM.dir/Core/Src/main.c.obj
                0x0800268c                DMA_TransferCompleteCallback
 .text.main     0x080026a8       0x30 CMakeFiles/hx711TIM.dir/Core/Src/main.c.obj
                0x080026a8                main
 .text.SystemClock_Config
                0x080026d8       0x9c CMakeFiles/hx711TIM.dir/Core/Src/main.c.obj
                0x080026d8                SystemClock_Config
 .text.Error_Handler
                0x08002774        0xc CMakeFiles/hx711TIM.dir/Core/Src/main.c.obj
                0x08002774                Error_Handler
 .text.MX_GPIO_Init
                0x08002780       0x5c CMakeFiles/hx711TIM.dir/Core/Src/gpio.c.obj
                0x08002780                MX_GPIO_Init
 .text.MX_DMA_Init
                0x080027dc       0x3c CMakeFiles/hx711TIM.dir/Core/Src/dma.c.obj
                0x080027dc                MX_DMA_Init
 .text.MX_FDCAN1_Init
                0x08002818       0x90 CMakeFiles/hx711TIM.dir/Core/Src/fdcan.c.obj
                0x08002818                MX_FDCAN1_Init
 .text.HAL_FDCAN_MspInit
                0x080028a8       0xc4 CMakeFiles/hx711TIM.dir/Core/Src/fdcan.c.obj
                0x080028a8                HAL_FDCAN_MspInit
 .text.MX_TIM1_Init
                0x0800296c      0x1a4 CMakeFiles/hx711TIM.dir/Core/Src/tim.c.obj
                0x0800296c                MX_TIM1_Init
 .text.HAL_TIM_Base_MspInit
                0x08002b10       0x9c CMakeFiles/hx711TIM.dir/Core/Src/tim.c.obj
                0x08002b10                HAL_TIM_Base_MspInit
 .text.HAL_TIM_MspPostInit
                0x08002bac       0x78 CMakeFiles/hx711TIM.dir/Core/Src/tim.c.obj
                0x08002bac                HAL_TIM_MspPostInit
 .text.NMI_Handler
                0x08002c24        0x8 CMakeFiles/hx711TIM.dir/Core/Src/stm32c0xx_it.c.obj
                0x08002c24                NMI_Handler
 .text.HardFault_Handler
                0x08002c2c        0x8 CMakeFiles/hx711TIM.dir/Core/Src/stm32c0xx_it.c.obj
                0x08002c2c                HardFault_Handler
 .text.SVC_Handler
                0x08002c34        0xa CMakeFiles/hx711TIM.dir/Core/Src/stm32c0xx_it.c.obj
                0x08002c34                SVC_Handler
 .text.PendSV_Handler
                0x08002c3e        0xa CMakeFiles/hx711TIM.dir/Core/Src/stm32c0xx_it.c.obj
                0x08002c3e                PendSV_Handler
 .text.SysTick_Handler
                0x08002c48        0xe CMakeFiles/hx711TIM.dir/Core/Src/stm32c0xx_it.c.obj
                0x08002c48                SysTick_Handler
 *fill*         0x08002c56        0x2 
 .text.DMA1_Channel1_IRQHandler
                0x08002c58       0x18 CMakeFiles/hx711TIM.dir/Core/Src/stm32c0xx_it.c.obj
                0x08002c58                DMA1_Channel1_IRQHandler
 .text.HAL_MspInit
                0x08002c70       0x48 CMakeFiles/hx711TIM.dir/Core/Src/stm32c0xx_hal_msp.c.obj
                0x08002c70                HAL_MspInit
 .text.Reset_Handler
                0x08002cb8       0x50 CMakeFiles/hx711TIM.dir/startup_stm32c092xx.s.obj
                0x08002cb8                Reset_Handler
 .text.Default_Handler
                0x08002d08        0x2 CMakeFiles/hx711TIM.dir/startup_stm32c092xx.s.obj
                0x08002d08                TIM1_CC_IRQHandler
                0x08002d08                I2C1_IRQHandler
                0x08002d08                FDCAN1_IT1_IRQHandler
                0x08002d08                SPI1_IRQHandler
                0x08002d08                USART3_4_IRQHandler
                0x08002d08                EXTI2_3_IRQHandler
                0x08002d08                ADC1_IRQHandler
                0x08002d08                I2C2_IRQHandler
                0x08002d08                TIM17_IRQHandler
                0x08002d08                RTC_IRQHandler
                0x08002d08                TIM16_IRQHandler
                0x08002d08                TIM3_IRQHandler
                0x08002d08                EXTI4_15_IRQHandler
                0x08002d08                RCC_IRQHandler
                0x08002d08                Default_Handler
                0x08002d08                TIM14_IRQHandler
                0x08002d08                TIM15_IRQHandler
                0x08002d08                EXTI0_1_IRQHandler
                0x08002d08                SPI2_IRQHandler
                0x08002d08                WWDG_IRQHandler
                0x08002d08                FDCAN1_IT0_IRQHandler
                0x08002d08                TIM2_IRQHandler
                0x08002d08                DMA1_Channel2_3_IRQHandler
                0x08002d08                DMAMUX1_DMA1_CH4_5_IRQHandler
                0x08002d08                USART2_IRQHandler
                0x08002d08                FLASH_IRQHandler
                0x08002d08                USART1_IRQHandler
                0x08002d08                TIM1_BRK_UP_TRG_COM_IRQHandler
 .text.memset   0x08002d0a       0x10 /home/olek/.local/share/stm32cube/bundles/gnu-tools-for-stm32/14.3.1+st.2/bin/../lib/gcc/arm-none-eabi/14.3.1/../../../../arm-none-eabi/lib/thumb/v6-m/nofp/libg_nano.a(libc_a-memset.o)
                0x08002d0a                memset
 *fill*         0x08002d1a        0x2 
 .text.__libc_init_array
                0x08002d1c       0x48 /home/olek/.local/share/stm32cube/bundles/gnu-tools-for-stm32/14.3.1+st.2/bin/../lib/gcc/arm-none-eabi/14.3.1/../../../../arm-none-eabi/lib/thumb/v6-m/nofp/libg_nano.a(libc_a-init.o)
                0x08002d1c                __libc_init_array
 *(.glue_7)
 .glue_7        0x08002d64        0x0 linker stubs
 *(.glue_7t)
 .glue_7t       0x08002d64        0x0 linker stubs
 *(.eh_frame)
 .eh_frame      0x08002d64        0x0 /home/olek/.local/share/stm32cube/bundles/gnu-tools-for-stm32/14.3.1+st.2/bin/../lib/gcc/arm-none-eabi/14.3.1/thumb/v6-m/nofp/crtbegin.o
 *(.init)
 .init          0x08002d64        0x4 /home/olek/.local/share/stm32cube/bundles/gnu-tools-for-stm32/14.3.1+st.2/bin/../lib/gcc/arm-none-eabi/14.3.1/thumb/v6-m/nofp/crti.o
                0x08002d64                _init
 .init          0x08002d68        0x8 /home/olek/.local/share/stm32cube/bundles/gnu-tools-for-stm32/14.3.1+st.2/bin/../lib/gcc/arm-none-eabi/14.3.1/thumb/v6-m/nofp/crtn.o
 *(.fini)
 .fini          0x08002d70        0x4 /home/olek/.local/share/stm32cube/bundles/gnu-tools-for-stm32/14.3.1+st.2/bin/../lib/gcc/arm-none-eabi/14.3.1/thumb/v6-m/nofp/crti.o
                0x08002d70                _fini
 .fini          0x08002d74        0x8 /home/olek/.local/share/stm32cube/bundles/gnu-tools-for-stm32/14.3.1+st.2/bin/../lib/gcc/arm-none-eabi/14.3.1/thumb/v6-m/nofp/crtn.o
                0x08002d7c                        . = ALIGN (0x4)
                0x08002d7c                        _etext = .

.vfp11_veneer   0x08002d7c        0x0
 .vfp11_veneer  0x08002d7c        0x0 linker stubs

.v4_bx          0x08002d7c        0x0
 .v4_bx         0x08002d7c        0x0 linker stubs

.iplt           0x08002d7c        0x0
 .iplt          0x08002d7c        0x0 /home/olek/.local/share/stm32cube/bundles/gnu-tools-for-stm32/14.3.1+st.2/bin/../lib/gcc/arm-none-eabi/14.3.1/thumb/v6-m/nofp/crtbegin.o

.rodata         0x08002d7c       0x94
                0x08002d7c                        . = ALIGN (0x4)
 *(.rodata)
 *(.rodata*)
 .rodata.AHBPrescTable
                0x08002d7c       0x40 cmake/stm32cubemx/CMakeFiles/STM32_Drivers.dir/__/__/Core/Src/system_stm32c0xx.c.obj
                0x08002d7c                AHBPrescTable
 .rodata.HAL_TIM_PWM_ConfigChannel
                0x08002dbc       0x54 cmake/stm32cubemx/CMakeFiles/STM32_Drivers.dir/__/__/Drivers/STM32C0xx_HAL_Driver/Src/stm32c0xx_hal_tim.c.obj
                0x08002e10                        . = ALIGN (0x4)

.ARM.extab      0x08002e10        0x0
                0x08002e10                        . = ALIGN (0x4)
 *(.ARM.extab* .gnu.linkonce.armextab.*)
                0x08002e10                        . = ALIGN (0x4)

.ARM            0x08002e10        0x0
                0x08002e10                        . = ALIGN (0x4)
                0x08002e10                        __exidx_start = .
 *(.ARM.exidx*)
                0x08002e10                        __exidx_end = .
                0x08002e10                        . = ALIGN (0x4)

.preinit_array  0x08002e10        0x0
                0x08002e10                        . = ALIGN (0x4)
                0x08002e10                        PROVIDE (__preinit_array_start = .)
 *(.preinit_array*)
                0x08002e10                        PROVIDE (__preinit_array_end = .)
                0x08002e10                        . = ALIGN (0x4)

.init_array     0x08002e10        0x4
                0x08002e10                        . = ALIGN (0x4)
                0x08002e10                        PROVIDE (__init_array_start = .)
 *(SORT_BY_NAME(.init_array.*))
 *(.init_array*)
 .init_array    0x08002e10        0x4 /home/olek/.local/share/stm32cube/bundles/gnu-tools-for-stm32/14.3.1+st.2/bin/../lib/gcc/arm-none-eabi/14.3.1/thumb/v6-m/nofp/crtbegin.o
                0x08002e14                        PROVIDE (__init_array_end = .)
                0x08002e14                        . = ALIGN (0x4)

.fini_array     0x08002e14        0x4
                0x08002e14                        . = ALIGN (0x4)
                [!provide]                        PROVIDE (__fini_array_start = .)
 *(SORT_BY_NAME(.fini_array.*))
 *(.fini_array*)
 .fini_array    0x08002e14        0x4 /home/olek/.local/share/stm32cube/bundles/gnu-tools-for-stm32/14.3.1+st.2/bin/../lib/gcc/arm-none-eabi/14.3.1/thumb/v6-m/nofp/crtbegin.o
                [!provide]                        PROVIDE (__fini_array_end = .)
                0x08002e18                        . = ALIGN (0x4)
                0x08002e18                        _sidata = LOADADDR (.data)

.rel.dyn        0x08002e18        0x0
 .rel.iplt      0x08002e18        0x0 /home/olek/.local/share/stm32cube/bundles/gnu-tools-for-stm32/14.3.1+st.2/bin/../lib/gcc/arm-none-eabi/14.3.1/thumb/v6-m/nofp/crtbegin.o

.data           0x20000000        0xc load address 0x08002e18
                0x20000000                        . = ALIGN (0x4)
                0x20000000                        _sdata = .
 *(.data)
 *(.data*)
 .data.SystemCoreClock
                0x20000000        0x4 cmake/stm32cubemx/CMakeFiles/STM32_Drivers.dir/__/__/Core/Src/system_stm32c0xx.c.obj
                0x20000000                SystemCoreClock
 .data.uwTickPrio
                0x20000004        0x4 cmake/stm32cubemx/CMakeFiles/STM32_Drivers.dir/__/__/Drivers/STM32C0xx_HAL_Driver/Src/stm32c0xx_hal.c.obj
                0x20000004                uwTickPrio
 .data.uwTickFreq
                0x20000008        0x1 cmake/stm32cubemx/CMakeFiles/STM32_Drivers.dir/__/__/Drivers/STM32C0xx_HAL_Driver/Src/stm32c0xx_hal.c.obj
                0x20000008                uwTickFreq
 *(.RamFunc)
 *(.RamFunc*)
                0x2000000c                        . = ALIGN (0x4)
 *fill*         0x20000009        0x3 

.igot.plt       0x2000000c        0x0 load address 0x08002e24
 .igot.plt      0x2000000c        0x0 /home/olek/.local/share/stm32cube/bundles/gnu-tools-for-stm32/14.3.1+st.2/bin/../lib/gcc/arm-none-eabi/14.3.1/thumb/v6-m/nofp/crtbegin.o

.tdata          0x2000000c        0x0 load address 0x08002e24
 *(.tdata .tdata.* .gnu.linkonce.td.*)
                0x2000000c                        . = ALIGN (0x4)
                0x2000000c                        _edata = .
                [!provide]                        PROVIDE (__data_end = .)
                [!provide]                        PROVIDE (__tdata_end = .)
                [!provide]                        PROVIDE (__tdata_start = ADDR (.tdata))
                [!provide]                        PROVIDE (__tdata_size = (__tdata_end - __tdata_start))
                [!provide]                        PROVIDE (__data_start = ADDR (.data))
                [!provide]                        PROVIDE (__data_size = (__data_end - __data_start))
                [!provide]                        PROVIDE (__tdata_source = LOADADDR (.tdata))
                [!provide]                        PROVIDE (__tdata_source_end = (LOADADDR (.tdata) + SIZEOF (.tdata)))
                [!provide]                        PROVIDE (__tdata_source_size = (__tdata_source_end - __tdata_source))
                [!provide]                        PROVIDE (__data_source = LOADADDR (.data))
                [!provide]                        PROVIDE (__data_source_end = __tdata_source_end)
                [!provide]                        PROVIDE (__data_source_size = (__data_source_end - __data_source))

.tbss           0x2000000c        0x0 load address 0x08002e24
                0x2000000c                        _sbss = .
                0x2000000c                        __bss_start__ = _sbss
 *(.tbss .tbss.*)
                0x2000000c                        . = ALIGN (0x4)
                [!provide]                        PROVIDE (__tbss_end = .)
                [!provide]                        PROVIDE (__tbss_start = ADDR (.tbss))
                [!provide]                        PROVIDE (__tbss_size = (__tbss_end - __tbss_start))
                [!provide]                        PROVIDE (__tbss_offset = (ADDR (.tbss) - ADDR (.tdata)))
                [!provide]                        PROVIDE (__tls_base = __tdata_start)
                [!provide]                        PROVIDE (__tls_end = __tbss_end)
                [!provide]                        PROVIDE (__tls_size = (__tls_end - __tls_base))
                [!provide]                        PROVIDE (__tls_align = MAX (ALIGNOF (.tdata), ALIGNOF (.tbss)))
                [!provide]                        PROVIDE (__tls_size_align = (((__tls_size + __tls_align) - 0x1) & ~ ((__tls_align - 0x1))))
                [!provide]                        PROVIDE (__arm32_tls_tcb_offset = MAX (0x8, __tls_align))
                [!provide]                        PROVIDE (__arm64_tls_tcb_offset = MAX (0x10, __tls_align))

.bss            0x2000000c      0x130 load address 0x08002e24
 *(.bss)
 .bss           0x2000000c       0x1c /home/olek/.local/share/stm32cube/bundles/gnu-tools-for-stm32/14.3.1+st.2/bin/../lib/gcc/arm-none-eabi/14.3.1/thumb/v6-m/nofp/crtbegin.o
 *(.bss*)
 .bss.uwTick    0x20000028        0x4 cmake/stm32cubemx/CMakeFiles/STM32_Drivers.dir/__/__/Drivers/STM32C0xx_HAL_Driver/Src/stm32c0xx_hal.c.obj
                0x20000028                uwTick
 .bss.gpio_transfer_done
                0x2000002c        0x4 CMakeFiles/hx711TIM.dir/Core/Src/main.c.obj
                0x2000002c                gpio_transfer_done
 .bss.hfdcan1   0x20000030       0x64 CMakeFiles/hx711TIM.dir/Core/Src/fdcan.c.obj
                0x20000030                hfdcan1
 .bss.htim1     0x20000094       0x4c CMakeFiles/hx711TIM.dir/Core/Src/tim.c.obj
                0x20000094                htim1
 .bss.hdma_tim1_ch1
                0x200000e0       0x5c CMakeFiles/hx711TIM.dir/Core/Src/tim.c.obj
                0x200000e0                hdma_tim1_ch1
 *(COMMON)
                0x2000013c                        . = ALIGN (0x4)
                0x2000013c                        _ebss = .
                0x2000013c                        __bss_end__ = _ebss
                [!provide]                        PROVIDE (__bss_end = .)
                [!provide]                        PROVIDE (__non_tls_bss_start = ADDR (.bss))
                [!provide]                        PROVIDE (__bss_start = __tbss_start)
                [!provide]                        PROVIDE (__bss_size = (__bss_end - __bss_start))

._user_heap_stack
                0x2000013c      0x604 load address 0x08002e24
                0x20000140                        . = ALIGN (0x8)
 *fill*         0x2000013c        0x4 
                [!provide]                        PROVIDE (end = .)
                0x20000140                        PROVIDE (_end = .)
                0x20000340                        . = (. + _Min_Heap_Size)
 *fill*         0x20000140      0x200 
                0x20000740                        . = (. + _Min_Stack_Size)
 *fill*         0x20000340      0x400 
                0x20000740                        . = ALIGN (0x8)

/DISCARD/
 libc.a:*(*)
 libm.a:*(*)
 libgcc.a:*(*)
OUTPUT(hx711TIM.elf elf32-littlearm)
LOAD linker stubs

.ARM.attributes
                0x00000000       0x28
 .ARM.attributes
                0x00000000       0x1e /home/olek/.local/share/stm32cube/bundles/gnu-tools-for-stm32/14.3.1+st.2/bin/../lib/gcc/arm-none-eabi/14.3.1/thumb/v6-m/nofp/crti.o
 .ARM.attributes
                0x0000001e       0x2c /home/olek/.local/share/stm32cube/bundles/gnu-tools-for-stm32/14.3.1+st.2/bin/../lib/gcc/arm-none-eabi/14.3.1/thumb/v6-m/nofp/crtbegin.o
 .ARM.attributes
                0x0000004a       0x2c cmake/stm32cubemx/CMakeFiles/STM32_Drivers.dir/__/__/Core/Src/system_stm32c0xx.c.obj
 .ARM.attributes
                0x00000076       0x2c cmake/stm32cubemx/CMakeFiles/STM32_Drivers.dir/__/__/Drivers/STM32C0xx_HAL_Driver/Src/stm32c0xx_hal.c.obj
 .ARM.attributes
                0x000000a2       0x2c cmake/stm32cubemx/CMakeFiles/STM32_Drivers.dir/__/__/Drivers/STM32C0xx_HAL_Driver/Src/stm32c0xx_hal_cortex.c.obj
 .ARM.attributes
                0x000000ce       0x2c cmake/stm32cubemx/CMakeFiles/STM32_Drivers.dir/__/__/Drivers/STM32C0xx_HAL_Driver/Src/stm32c0xx_hal_rcc.c.obj
 .ARM.attributes
                0x000000fa       0x2c cmake/stm32cubemx/CMakeFiles/STM32_Drivers.dir/__/__/Drivers/STM32C0xx_HAL_Driver/Src/stm32c0xx_hal_rcc_ex.c.obj
 .ARM.attributes
                0x00000126       0x2c cmake/stm32cubemx/CMakeFiles/STM32_Drivers.dir/__/__/Drivers/STM32C0xx_HAL_Driver/Src/stm32c0xx_hal_gpio.c.obj
 .ARM.attributes
                0x00000152       0x2c cmake/stm32cubemx/CMakeFiles/STM32_Drivers.dir/__/__/Drivers/STM32C0xx_HAL_Driver/Src/stm32c0xx_hal_dma.c.obj
 .ARM.attributes
                0x0000017e       0x2c cmake/stm32cubemx/CMakeFiles/STM32_Drivers.dir/__/__/Drivers/STM32C0xx_HAL_Driver/Src/stm32c0xx_hal_fdcan.c.obj
 .ARM.attributes
                0x000001aa       0x2c cmake/stm32cubemx/CMakeFiles/STM32_Drivers.dir/__/__/Drivers/STM32C0xx_HAL_Driver/Src/stm32c0xx_hal_tim.c.obj
 .ARM.attributes
                0x000001d6       0x2c cmake/stm32cubemx/CMakeFiles/STM32_Drivers.dir/__/__/Drivers/STM32C0xx_HAL_Driver/Src/stm32c0xx_hal_tim_ex.c.obj
 .ARM.attributes
                0x00000202       0x2c CMakeFiles/hx711TIM.dir/Core/Src/main.c.obj
 .ARM.attributes
                0x0000022e       0x2c CMakeFiles/hx711TIM.dir/Core/Src/gpio.c.obj
 .ARM.attributes
                0x0000025a       0x2c CMakeFiles/hx711TIM.dir/Core/Src/dma.c.obj
 .ARM.attributes
                0x00000286       0x2c CMakeFiles/hx711TIM.dir/Core/Src/fdcan.c.obj
 .ARM.attributes
                0x000002b2       0x2c CMakeFiles/hx711TIM.dir/Core/Src/tim.c.obj
 .ARM.attributes
                0x000002de       0x2c CMakeFiles/hx711TIM.dir/Core/Src/stm32c0xx_it.c.obj
 .ARM.attributes
                0x0000030a       0x2c CMakeFiles/hx711TIM.dir/Core/Src/stm32c0xx_hal_msp.c.obj
 .ARM.attributes
                0x00000336       0x22 CMakeFiles/hx711TIM.dir/startup_stm32c092xx.s.obj
 .ARM.attributes
                0x00000358       0x1e /home/olek/.local/share/stm32cube/bundles/gnu-tools-for-stm32/14.3.1+st.2/bin/../lib/gcc/arm-none-eabi/14.3.1/thumb/v6-m/nofp/libgcc.a(_udivsi3.o)
 .ARM.attributes
                0x00000376       0x1e /home/olek/.local/share/stm32cube/bundles/gnu-tools-for-stm32/14.3.1+st.2/bin/../lib/gcc/arm-none-eabi/14.3.1/thumb/v6-m/nofp/libgcc.a(_dvmd_tls.o)
 .ARM.attributes
                0x00000394       0x2c /home/olek/.local/share/stm32cube/bundles/gnu-tools-for-stm32/14.3.1+st.2/bin/../lib/gcc/arm-none-eabi/14.3.1/../../../../arm-none-eabi/lib/thumb/v6-m/nofp/libg_nano.a(libc_a-memset.o)
 .ARM.attributes
                0x000003c0       0x2c /home/olek/.local/share/stm32cube/bundles/gnu-tools-for-stm32/14.3.1+st.2/bin/../lib/gcc/arm-none-eabi/14.3.1/../../../../arm-none-eabi/lib/thumb/v6-m/nofp/libg_nano.a(libc_a-init.o)
 .ARM.attributes
                0x000003ec       0x1e /home/olek/.local/share/stm32cube/bundles/gnu-tools-for-stm32/14.3.1+st.2/bin/../lib/gcc/arm-none-eabi/14.3.1/thumb/v6-m/nofp/crtn.o

.comment        0x00000000       0x43
 .comment       0x00000000       0x43 cmake/stm32cubemx/CMakeFiles/STM32_Drivers.dir/__/__/Core/Src/system_stm32c0xx.c.obj
                                 0x44 (size before relaxing)
 .comment       0x00000043       0x44 cmake/stm32cubemx/CMakeFiles/STM32_Drivers.dir/__/__/Drivers/STM32C0xx_HAL_Driver/Src/stm32c0xx_hal.c.obj
 .comment       0x00000043       0x44 cmake/stm32cubemx/CMakeFiles/STM32_Drivers.dir/__/__/Drivers/STM32C0xx_HAL_Driver/Src/stm32c0xx_hal_cortex.c.obj
 .comment       0x00000043       0x44 cmake/stm32cubemx/CMakeFiles/STM32_Drivers.dir/__/__/Drivers/STM32C0xx_HAL_Driver/Src/stm32c0xx_hal_rcc.c.obj
 .comment       0x00000043       0x44 cmake/stm32cubemx/CMakeFiles/STM32_Drivers.dir/__/__/Drivers/STM32C0xx_HAL_Driver/Src/stm32c0xx_hal_rcc_ex.c.obj
 .comment       0x00000043       0x44 cmake/stm32cubemx/CMakeFiles/STM32_Drivers.dir/__/__/Drivers/STM32C0xx_HAL_Driver/Src/stm32c0xx_hal_gpio.c.obj
 .comment       0x00000043       0x44 cmake/stm32cubemx/CMakeFiles/STM32_Drivers.dir/__/__/Drivers/STM32C0xx_HAL_Driver/Src/stm32c0xx_hal_dma.c.obj
 .comment       0x00000043       0x44 cmake/stm32cubemx/CMakeFiles/STM32_Drivers.dir/__/__/Drivers/STM32C0xx_HAL_Driver/Src/stm32c0xx_hal_fdcan.c.obj
 .comment       0x00000043       0x44 cmake/stm32cubemx/CMakeFiles/STM32_Drivers.dir/__/__/Drivers/STM32C0xx_HAL_Driver/Src/stm32c0xx_hal_tim.c.obj
 .comment       0x00000043       0x44 cmake/stm32cubemx/CMakeFiles/STM32_Drivers.dir/__/__/Drivers/STM32C0xx_HAL_Driver/Src/stm32c0xx_hal_tim_ex.c.obj
 .comment       0x00000043       0x44 CMakeFiles/hx711TIM.dir/Core/Src/main.c.obj
 .comment       0x00000043       0x44 CMakeFiles/hx711TIM.dir/Core/Src/gpio.c.obj
 .comment       0x00000043       0x44 CMakeFiles/hx711TIM.dir/Core/Src/dma.c.obj
 .comment       0x00000043       0x44 CMakeFiles/hx711TIM.dir/Core/Src/fdcan.c.obj
 .comment       0x00000043       0x44 CMakeFiles/hx711TIM.dir/Core/Src/tim.c.obj
 .comment       0x00000043       0x44 CMakeFiles/hx711TIM.dir/Core/Src/stm32c0xx_it.c.obj
 .comment       0x00000043       0x44 CMakeFiles/hx711TIM.dir/Core/Src/stm32c0xx_hal_msp.c.obj
 .comment       0x00000043       0x44 /home/olek/.local/share/stm32cube/bundles/gnu-tools-for-stm32/14.3.1+st.2/bin/../lib/gcc/arm-none-eabi/14.3.1/../../../../arm-none-eabi/lib/thumb/v6-m/nofp/libg_nano.a(libc_a-memset.o)
 .comment       0x00000043       0x44 /home/olek/.local/share/stm32cube/bundles/gnu-tools-for-stm32/14.3.1+st.2/bin/../lib/gcc/arm-none-eabi/14.3.1/../../../../arm-none-eabi/lib/thumb/v6-m/nofp/libg_nano.a(libc_a-init.o)

.debug_info     0x00000000     0xbbe7
 .debug_info    0x00000000      0x373 cmake/stm32cubemx/CMakeFiles/STM32_Drivers.dir/__/__/Core/Src/system_stm32c0xx.c.obj
 .debug_info    0x00000373      0x85c cmake/stm32cubemx/CMakeFiles/STM32_Drivers.dir/__/__/Drivers/STM32C0xx_HAL_Driver/Src/stm32c0xx_hal.c.obj
 .debug_info    0x00000bcf      0x8a5 cmake/stm32cubemx/CMakeFiles/STM32_Drivers.dir/__/__/Drivers/STM32C0xx_HAL_Driver/Src/stm32c0xx_hal_cortex.c.obj
 .debug_info    0x00001474      0x917 cmake/stm32cubemx/CMakeFiles/STM32_Drivers.dir/__/__/Drivers/STM32C0xx_HAL_Driver/Src/stm32c0xx_hal_rcc.c.obj
 .debug_info    0x00001d8b      0x55d cmake/stm32cubemx/CMakeFiles/STM32_Drivers.dir/__/__/Drivers/STM32C0xx_HAL_Driver/Src/stm32c0xx_hal_rcc_ex.c.obj
 .debug_info    0x000022e8      0x59f cmake/stm32cubemx/CMakeFiles/STM32_Drivers.dir/__/__/Drivers/STM32C0xx_HAL_Driver/Src/stm32c0xx_hal_gpio.c.obj
 .debug_info    0x00002887      0x825 cmake/stm32cubemx/CMakeFiles/STM32_Drivers.dir/__/__/Drivers/STM32C0xx_HAL_Driver/Src/stm32c0xx_hal_dma.c.obj
 .debug_info    0x000030ac     0x185e cmake/stm32cubemx/CMakeFiles/STM32_Drivers.dir/__/__/Drivers/STM32C0xx_HAL_Driver/Src/stm32c0xx_hal_fdcan.c.obj
 .debug_info    0x0000490a     0x2b86 cmake/stm32cubemx/CMakeFiles/STM32_Drivers.dir/__/__/Drivers/STM32C0xx_HAL_Driver/Src/stm32c0xx_hal_tim.c.obj
 .debug_info    0x00007490     0x1899 cmake/stm32cubemx/CMakeFiles/STM32_Drivers.dir/__/__/Drivers/STM32C0xx_HAL_Driver/Src/stm32c0xx_hal_tim_ex.c.obj
 .debug_info    0x00008d29      0x86c CMakeFiles/hx711TIM.dir/Core/Src/main.c.obj
 .debug_info    0x00009595      0x334 CMakeFiles/hx711TIM.dir/Core/Src/gpio.c.obj
 .debug_info    0x000098c9      0x309 CMakeFiles/hx711TIM.dir/Core/Src/dma.c.obj
 .debug_info    0x00009bd2      0x9cb CMakeFiles/hx711TIM.dir/Core/Src/fdcan.c.obj
 .debug_info    0x0000a59d      0xe18 CMakeFiles/hx711TIM.dir/Core/Src/tim.c.obj
 .debug_info    0x0000b3b5      0x400 CMakeFiles/hx711TIM.dir/Core/Src/stm32c0xx_it.c.obj
 .debug_info    0x0000b7b5      0x217 CMakeFiles/hx711TIM.dir/Core/Src/stm32c0xx_hal_msp.c.obj
 .debug_info    0x0000b9cc       0x30 CMakeFiles/hx711TIM.dir/startup_stm32c092xx.s.obj
 .debug_info    0x0000b9fc       0xe0 /home/olek/.local/share/stm32cube/bundles/gnu-tools-for-stm32/14.3.1+st.2/bin/../lib/gcc/arm-none-eabi/14.3.1/../../../../arm-none-eabi/lib/thumb/v6-m/nofp/libg_nano.a(libc_a-memset.o)
 .debug_info    0x0000badc      0x10b /home/olek/.local/share/stm32cube/bundles/gnu-tools-for-stm32/14.3.1+st.2/bin/../lib/gcc/arm-none-eabi/14.3.1/../../../../arm-none-eabi/lib/thumb/v6-m/nofp/libg_nano.a(libc_a-init.o)

.debug_abbrev   0x00000000     0x22ab
 .debug_abbrev  0x00000000      0x119 cmake/stm32cubemx/CMakeFiles/STM32_Drivers.dir/__/__/Core/Src/system_stm32c0xx.c.obj
 .debug_abbrev  0x00000119      0x2cb cmake/stm32cubemx/CMakeFiles/STM32_Drivers.dir/__/__/Drivers/STM32C0xx_HAL_Driver/Src/stm32c0xx_hal.c.obj
 .debug_abbrev  0x000003e4      0x2b7 cmake/stm32cubemx/CMakeFiles/STM32_Drivers.dir/__/__/Drivers/STM32C0xx_HAL_Driver/Src/stm32c0xx_hal_cortex.c.obj
 .debug_abbrev  0x0000069b      0x28c cmake/stm32cubemx/CMakeFiles/STM32_Drivers.dir/__/__/Drivers/STM32C0xx_HAL_Driver/Src/stm32c0xx_hal_rcc.c.obj
 .debug_abbrev  0x00000927      0x225 cmake/stm32cubemx/CMakeFiles/STM32_Drivers.dir/__/__/Drivers/STM32C0xx_HAL_Driver/Src/stm32c0xx_hal_rcc_ex.c.obj
 .debug_abbrev  0x00000b4c      0x1db cmake/stm32cubemx/CMakeFiles/STM32_Drivers.dir/__/__/Drivers/STM32C0xx_HAL_Driver/Src/stm32c0xx_hal_gpio.c.obj
 .debug_abbrev  0x00000d27      0x226 cmake/stm32cubemx/CMakeFiles/STM32_Drivers.dir/__/__/Drivers/STM32C0xx_HAL_Driver/Src/stm32c0xx_hal_dma.c.obj
 .debug_abbrev  0x00000f4d      0x1ea cmake/stm32cubemx/CMakeFiles/STM32_Drivers.dir/__/__/Drivers/STM32C0xx_HAL_Driver/Src/stm32c0xx_hal_fdcan.c.obj
 .debug_abbrev  0x00001137      0x287 cmake/stm32cubemx/CMakeFiles/STM32_Drivers.dir/__/__/Drivers/STM32C0xx_HAL_Driver/Src/stm32c0xx_hal_tim.c.obj
 .debug_abbrev  0x000013be      0x2a7 cmake/stm32cubemx/CMakeFiles/STM32_Drivers.dir/__/__/Drivers/STM32C0xx_HAL_Driver/Src/stm32c0xx_hal_tim_ex.c.obj
 .debug_abbrev  0x00001665      0x248 CMakeFiles/hx711TIM.dir/Core/Src/main.c.obj
 .debug_abbrev  0x000018ad      0x130 CMakeFiles/hx711TIM.dir/Core/Src/gpio.c.obj
 .debug_abbrev  0x000019dd      0x10c CMakeFiles/hx711TIM.dir/Core/Src/dma.c.obj
 .debug_abbrev  0x00001ae9      0x1d3 CMakeFiles/hx711TIM.dir/Core/Src/fdcan.c.obj
 .debug_abbrev  0x00001cbc      0x210 CMakeFiles/hx711TIM.dir/Core/Src/tim.c.obj
 .debug_abbrev  0x00001ecc      0x17e CMakeFiles/hx711TIM.dir/Core/Src/stm32c0xx_it.c.obj
 .debug_abbrev  0x0000204a       0xd6 CMakeFiles/hx711TIM.dir/Core/Src/stm32c0xx_hal_msp.c.obj
 .debug_abbrev  0x00002120       0x24 CMakeFiles/hx711TIM.dir/startup_stm32c092xx.s.obj
 .debug_abbrev  0x00002144       0x9e /home/olek/.local/share/stm32cube/bundles/gnu-tools-for-stm32/14.3.1+st.2/bin/../lib/gcc/arm-none-eabi/14.3.1/../../../../arm-none-eabi/lib/thumb/v6-m/nofp/libg_nano.a(libc_a-memset.o)
 .debug_abbrev  0x000021e2       0xc9 /home/olek/.local/share/stm32cube/bundles/gnu-tools-for-stm32/14.3.1+st.2/bin/../lib/gcc/arm-none-eabi/14.3.1/../../../../arm-none-eabi/lib/thumb/v6-m/nofp/libg_nano.a(libc_a-init.o)

.debug_aranges  0x00000000      0xd28
 .debug_aranges
                0x00000000       0x28 cmake/stm32cubemx/CMakeFiles/STM32_Drivers.dir/__/__/Core/Src/system_stm32c0xx.c.obj
 .debug_aranges
                0x00000028      0x100 cmake/stm32cubemx/CMakeFiles/STM32_Drivers.dir/__/__/Drivers/STM32C0xx_HAL_Driver/Src/stm32c0xx_hal.c.obj
 .debug_aranges
                0x00000128       0xe8 cmake/stm32cubemx/CMakeFiles/STM32_Drivers.dir/__/__/Drivers/STM32C0xx_HAL_Driver/Src/stm32c0xx_hal_cortex.c.obj
 .debug_aranges
                0x00000210       0xa0 cmake/stm32cubemx/CMakeFiles/STM32_Drivers.dir/__/__/Drivers/STM32C0xx_HAL_Driver/Src/stm32c0xx_hal_rcc.c.obj
 .debug_aranges
                0x000002b0       0x40 cmake/stm32cubemx/CMakeFiles/STM32_Drivers.dir/__/__/Drivers/STM32C0xx_HAL_Driver/Src/stm32c0xx_hal_rcc_ex.c.obj
 .debug_aranges
                0x000002f0       0x68 cmake/stm32cubemx/CMakeFiles/STM32_Drivers.dir/__/__/Drivers/STM32C0xx_HAL_Driver/Src/stm32c0xx_hal_gpio.c.obj
 .debug_aranges
                0x00000358       0x90 cmake/stm32cubemx/CMakeFiles/STM32_Drivers.dir/__/__/Drivers/STM32C0xx_HAL_Driver/Src/stm32c0xx_hal_dma.c.obj
 .debug_aranges
                0x000003e8      0x208 cmake/stm32cubemx/CMakeFiles/STM32_Drivers.dir/__/__/Drivers/STM32C0xx_HAL_Driver/Src/stm32c0xx_hal_fdcan.c.obj
 .debug_aranges
                0x000005f0      0x3e0 cmake/stm32cubemx/CMakeFiles/STM32_Drivers.dir/__/__/Drivers/STM32C0xx_HAL_Driver/Src/stm32c0xx_hal_tim.c.obj
 .debug_aranges
                0x000009d0      0x198 cmake/stm32cubemx/CMakeFiles/STM32_Drivers.dir/__/__/Drivers/STM32C0xx_HAL_Driver/Src/stm32c0xx_hal_tim_ex.c.obj
 .debug_aranges
                0x00000b68       0x48 CMakeFiles/hx711TIM.dir/Core/Src/main.c.obj
 .debug_aranges
                0x00000bb0       0x20 CMakeFiles/hx711TIM.dir/Core/Src/gpio.c.obj
 .debug_aranges
                0x00000bd0       0x20 CMakeFiles/hx711TIM.dir/Core/Src/dma.c.obj
 .debug_aranges
                0x00000bf0       0x30 CMakeFiles/hx711TIM.dir/Core/Src/fdcan.c.obj
 .debug_aranges
                0x00000c20       0x38 CMakeFiles/hx711TIM.dir/Core/Src/tim.c.obj
 .debug_aranges
                0x00000c58       0x48 CMakeFiles/hx711TIM.dir/Core/Src/stm32c0xx_it.c.obj
 .debug_aranges
                0x00000ca0       0x20 CMakeFiles/hx711TIM.dir/Core/Src/stm32c0xx_hal_msp.c.obj
 .debug_aranges
                0x00000cc0       0x28 CMakeFiles/hx711TIM.dir/startup_stm32c092xx.s.obj
 .debug_aranges
                0x00000ce8       0x20 /home/olek/.local/share/stm32cube/bundles/gnu-tools-for-stm32/14.3.1+st.2/bin/../lib/gcc/arm-none-eabi/14.3.1/../../../../arm-none-eabi/lib/thumb/v6-m/nofp/libg_nano.a(libc_a-memset.o)
 .debug_aranges
                0x00000d08       0x20 /home/olek/.local/share/stm32cube/bundles/gnu-tools-for-stm32/14.3.1+st.2/bin/../lib/gcc/arm-none-eabi/14.3.1/../../../../arm-none-eabi/lib/thumb/v6-m/nofp/libg_nano.a(libc_a-init.o)

.debug_rnglists
                0x00000000      0xa0c
 .debug_rnglists
                0x00000000       0x1a cmake/stm32cubemx/CMakeFiles/STM32_Drivers.dir/__/__/Core/Src/system_stm32c0xx.c.obj
 .debug_rnglists
                0x0000001a       0xbc cmake/stm32cubemx/CMakeFiles/STM32_Drivers.dir/__/__/Drivers/STM32C0xx_HAL_Driver/Src/stm32c0xx_hal.c.obj
 .debug_rnglists
                0x000000d6       0xaa cmake/stm32cubemx/CMakeFiles/STM32_Drivers.dir/__/__/Drivers/STM32C0xx_HAL_Driver/Src/stm32c0xx_hal_cortex.c.obj
 .debug_rnglists
                0x00000180       0x78 cmake/stm32cubemx/CMakeFiles/STM32_Drivers.dir/__/__/Drivers/STM32C0xx_HAL_Driver/Src/stm32c0xx_hal_rcc.c.obj
 .debug_rnglists
                0x000001f8       0x2e cmake/stm32cubemx/CMakeFiles/STM32_Drivers.dir/__/__/Drivers/STM32C0xx_HAL_Driver/Src/stm32c0xx_hal_rcc_ex.c.obj
 .debug_rnglists
                0x00000226       0x4b cmake/stm32cubemx/CMakeFiles/STM32_Drivers.dir/__/__/Drivers/STM32C0xx_HAL_Driver/Src/stm32c0xx_hal_gpio.c.obj
 .debug_rnglists
                0x00000271       0x72 cmake/stm32cubemx/CMakeFiles/STM32_Drivers.dir/__/__/Drivers/STM32C0xx_HAL_Driver/Src/stm32c0xx_hal_dma.c.obj
 .debug_rnglists
                0x000002e3      0x18d cmake/stm32cubemx/CMakeFiles/STM32_Drivers.dir/__/__/Drivers/STM32C0xx_HAL_Driver/Src/stm32c0xx_hal_fdcan.c.obj
 .debug_rnglists
                0x00000470      0x32a cmake/stm32cubemx/CMakeFiles/STM32_Drivers.dir/__/__/Drivers/STM32C0xx_HAL_Driver/Src/stm32c0xx_hal_tim.c.obj
 .debug_rnglists
                0x0000079a      0x14e cmake/stm32cubemx/CMakeFiles/STM32_Drivers.dir/__/__/Drivers/STM32C0xx_HAL_Driver/Src/stm32c0xx_hal_tim_ex.c.obj
 .debug_rnglists
                0x000008e8       0x33 CMakeFiles/hx711TIM.dir/Core/Src/main.c.obj
 .debug_rnglists
                0x0000091b       0x13 CMakeFiles/hx711TIM.dir/Core/Src/gpio.c.obj
 .debug_rnglists
                0x0000092e       0x13 CMakeFiles/hx711TIM.dir/Core/Src/dma.c.obj
 .debug_rnglists
                0x00000941       0x21 CMakeFiles/hx711TIM.dir/Core/Src/fdcan.c.obj
 .debug_rnglists
                0x00000962       0x27 CMakeFiles/hx711TIM.dir/Core/Src/tim.c.obj
 .debug_rnglists
                0x00000989       0x31 CMakeFiles/hx711TIM.dir/Core/Src/stm32c0xx_it.c.obj
 .debug_rnglists
                0x000009ba       0x13 CMakeFiles/hx711TIM.dir/Core/Src/stm32c0xx_hal_msp.c.obj
 .debug_rnglists
                0x000009cd       0x19 CMakeFiles/hx711TIM.dir/startup_stm32c092xx.s.obj
 .debug_rnglists
                0x000009e6       0x13 /home/olek/.local/share/stm32cube/bundles/gnu-tools-for-stm32/14.3.1+st.2/bin/../lib/gcc/arm-none-eabi/14.3.1/../../../../arm-none-eabi/lib/thumb/v6-m/nofp/libg_nano.a(libc_a-memset.o)
 .debug_rnglists
                0x000009f9       0x13 /home/olek/.local/share/stm32cube/bundles/gnu-tools-for-stm32/14.3.1+st.2/bin/../lib/gcc/arm-none-eabi/14.3.1/../../../../arm-none-eabi/lib/thumb/v6-m/nofp/libg_nano.a(libc_a-init.o)

.debug_macro    0x00000000    0x158d7
 .debug_macro   0x00000000      0x1cc cmake/stm32cubemx/CMakeFiles/STM32_Drivers.dir/__/__/Core/Src/system_stm32c0xx.c.obj
 .debug_macro   0x000001cc      0xaae cmake/stm32cubemx/CMakeFiles/STM32_Drivers.dir/__/__/Core/Src/system_stm32c0xx.c.obj
 .debug_macro   0x00000c7a       0x2e cmake/stm32cubemx/CMakeFiles/STM32_Drivers.dir/__/__/Core/Src/system_stm32c0xx.c.obj
 .debug_macro   0x00000ca8       0x28 cmake/stm32cubemx/CMakeFiles/STM32_Drivers.dir/__/__/Core/Src/system_stm32c0xx.c.obj
 .debug_macro   0x00000cd0       0x22 cmake/stm32cubemx/CMakeFiles/STM32_Drivers.dir/__/__/Core/Src/system_stm32c0xx.c.obj
 .debug_macro   0x00000cf2       0x8e cmake/stm32cubemx/CMakeFiles/STM32_Drivers.dir/__/__/Core/Src/system_stm32c0xx.c.obj
 .debug_macro   0x00000d80       0x51 cmake/stm32cubemx/CMakeFiles/STM32_Drivers.dir/__/__/Core/Src/system_stm32c0xx.c.obj
 .debug_macro   0x00000dd1      0x103 cmake/stm32cubemx/CMakeFiles/STM32_Drivers.dir/__/__/Core/Src/system_stm32c0xx.c.obj
 .debug_macro   0x00000ed4       0x6a cmake/stm32cubemx/CMakeFiles/STM32_Drivers.dir/__/__/Core/Src/system_stm32c0xx.c.obj
 .debug_macro   0x00000f3e      0x1df cmake/stm32cubemx/CMakeFiles/STM32_Drivers.dir/__/__/Core/Src/system_stm32c0xx.c.obj
 .debug_macro   0x0000111d       0x1c cmake/stm32cubemx/CMakeFiles/STM32_Drivers.dir/__/__/Core/Src/system_stm32c0xx.c.obj
 .debug_macro   0x00001139       0x22 cmake/stm32cubemx/CMakeFiles/STM32_Drivers.dir/__/__/Core/Src/system_stm32c0xx.c.obj
 .debug_macro   0x0000115b       0xd1 cmake/stm32cubemx/CMakeFiles/STM32_Drivers.dir/__/__/Core/Src/system_stm32c0xx.c.obj
 .debug_macro   0x0000122c      0x4da cmake/stm32cubemx/CMakeFiles/STM32_Drivers.dir/__/__/Core/Src/system_stm32c0xx.c.obj
 .debug_macro   0x00001706      0x11f cmake/stm32cubemx/CMakeFiles/STM32_Drivers.dir/__/__/Core/Src/system_stm32c0xx.c.obj
 .debug_macro   0x00001825     0xab92 cmake/stm32cubemx/CMakeFiles/STM32_Drivers.dir/__/__/Core/Src/system_stm32c0xx.c.obj
 .debug_macro   0x0000c3b7       0x6d cmake/stm32cubemx/CMakeFiles/STM32_Drivers.dir/__/__/Core/Src/system_stm32c0xx.c.obj
 .debug_macro   0x0000c424      0x1c8 cmake/stm32cubemx/CMakeFiles/STM32_Drivers.dir/__/__/Core/Src/system_stm32c0xx.c.obj
 .debug_macro   0x0000c5ec       0xe9 cmake/stm32cubemx/CMakeFiles/STM32_Drivers.dir/__/__/Core/Src/system_stm32c0xx.c.obj
 .debug_macro   0x0000c6d5     0x3440 cmake/stm32cubemx/CMakeFiles/STM32_Drivers.dir/__/__/Core/Src/system_stm32c0xx.c.obj
 .debug_macro   0x0000fb15      0x190 cmake/stm32cubemx/CMakeFiles/STM32_Drivers.dir/__/__/Core/Src/system_stm32c0xx.c.obj
 .debug_macro   0x0000fca5       0x5b cmake/stm32cubemx/CMakeFiles/STM32_Drivers.dir/__/__/Core/Src/system_stm32c0xx.c.obj
 .debug_macro   0x0000fd00      0x3f9 cmake/stm32cubemx/CMakeFiles/STM32_Drivers.dir/__/__/Core/Src/system_stm32c0xx.c.obj
 .debug_macro   0x000100f9      0xd8c cmake/stm32cubemx/CMakeFiles/STM32_Drivers.dir/__/__/Core/Src/system_stm32c0xx.c.obj
 .debug_macro   0x00010e85      0x176 cmake/stm32cubemx/CMakeFiles/STM32_Drivers.dir/__/__/Core/Src/system_stm32c0xx.c.obj
 .debug_macro   0x00010ffb      0x15f cmake/stm32cubemx/CMakeFiles/STM32_Drivers.dir/__/__/Core/Src/system_stm32c0xx.c.obj
 .debug_macro   0x0001115a      0x253 cmake/stm32cubemx/CMakeFiles/STM32_Drivers.dir/__/__/Core/Src/system_stm32c0xx.c.obj
 .debug_macro   0x000113ad      0x352 cmake/stm32cubemx/CMakeFiles/STM32_Drivers.dir/__/__/Core/Src/system_stm32c0xx.c.obj
 .debug_macro   0x000116ff      0x18b cmake/stm32cubemx/CMakeFiles/STM32_Drivers.dir/__/__/Core/Src/system_stm32c0xx.c.obj
 .debug_macro   0x0001188a       0x43 cmake/stm32cubemx/CMakeFiles/STM32_Drivers.dir/__/__/Core/Src/system_stm32c0xx.c.obj
 .debug_macro   0x000118cd      0x1f1 cmake/stm32cubemx/CMakeFiles/STM32_Drivers.dir/__/__/Core/Src/system_stm32c0xx.c.obj
 .debug_macro   0x00011abe      0x1b1 cmake/stm32cubemx/CMakeFiles/STM32_Drivers.dir/__/__/Core/Src/system_stm32c0xx.c.obj
 .debug_macro   0x00011c6f      0x37c cmake/stm32cubemx/CMakeFiles/STM32_Drivers.dir/__/__/Core/Src/system_stm32c0xx.c.obj
 .debug_macro   0x00011feb       0x28 cmake/stm32cubemx/CMakeFiles/STM32_Drivers.dir/__/__/Core/Src/system_stm32c0xx.c.obj
 .debug_macro   0x00012013       0xb3 cmake/stm32cubemx/CMakeFiles/STM32_Drivers.dir/__/__/Core/Src/system_stm32c0xx.c.obj
 .debug_macro   0x000120c6      0x11d cmake/stm32cubemx/CMakeFiles/STM32_Drivers.dir/__/__/Core/Src/system_stm32c0xx.c.obj
 .debug_macro   0x000121e3       0xf6 cmake/stm32cubemx/CMakeFiles/STM32_Drivers.dir/__/__/Core/Src/system_stm32c0xx.c.obj
 .debug_macro   0x000122d9      0xaa6 cmake/stm32cubemx/CMakeFiles/STM32_Drivers.dir/__/__/Core/Src/system_stm32c0xx.c.obj
 .debug_macro   0x00012d7f      0x11b cmake/stm32cubemx/CMakeFiles/STM32_Drivers.dir/__/__/Core/Src/system_stm32c0xx.c.obj
 .debug_macro   0x00012e9a      0x6bd cmake/stm32cubemx/CMakeFiles/STM32_Drivers.dir/__/__/Core/Src/system_stm32c0xx.c.obj
 .debug_macro   0x00013557      0x464 cmake/stm32cubemx/CMakeFiles/STM32_Drivers.dir/__/__/Core/Src/system_stm32c0xx.c.obj
 .debug_macro   0x000139bb      0x1e4 cmake/stm32cubemx/CMakeFiles/STM32_Drivers.dir/__/__/Drivers/STM32C0xx_HAL_Driver/Src/stm32c0xx_hal.c.obj
 .debug_macro   0x00013b9f      0x1c6 cmake/stm32cubemx/CMakeFiles/STM32_Drivers.dir/__/__/Drivers/STM32C0xx_HAL_Driver/Src/stm32c0xx_hal_cortex.c.obj
 .debug_macro   0x00013d65      0x1f6 cmake/stm32cubemx/CMakeFiles/STM32_Drivers.dir/__/__/Drivers/STM32C0xx_HAL_Driver/Src/stm32c0xx_hal_rcc.c.obj
 .debug_macro   0x00013f5b      0x1d8 cmake/stm32cubemx/CMakeFiles/STM32_Drivers.dir/__/__/Drivers/STM32C0xx_HAL_Driver/Src/stm32c0xx_hal_rcc_ex.c.obj
 .debug_macro   0x00014133      0x1fb cmake/stm32cubemx/CMakeFiles/STM32_Drivers.dir/__/__/Drivers/STM32C0xx_HAL_Driver/Src/stm32c0xx_hal_gpio.c.obj
 .debug_macro   0x0001432e      0x1c6 cmake/stm32cubemx/CMakeFiles/STM32_Drivers.dir/__/__/Drivers/STM32C0xx_HAL_Driver/Src/stm32c0xx_hal_dma.c.obj
 .debug_macro   0x000144f4      0x2d8 cmake/stm32cubemx/CMakeFiles/STM32_Drivers.dir/__/__/Drivers/STM32C0xx_HAL_Driver/Src/stm32c0xx_hal_fdcan.c.obj
 .debug_macro   0x000147cc      0x1ce cmake/stm32cubemx/CMakeFiles/STM32_Drivers.dir/__/__/Drivers/STM32C0xx_HAL_Driver/Src/stm32c0xx_hal_tim.c.obj
 .debug_macro   0x0001499a      0x1cc cmake/stm32cubemx/CMakeFiles/STM32_Drivers.dir/__/__/Drivers/STM32C0xx_HAL_Driver/Src/stm32c0xx_hal_tim_ex.c.obj
 .debug_macro   0x00014b66      0x20d CMakeFiles/hx711TIM.dir/Core/Src/main.c.obj
 .debug_macro   0x00014d73       0x34 CMakeFiles/hx711TIM.dir/Core/Src/main.c.obj
 .debug_macro   0x00014da7      0x1df CMakeFiles/hx711TIM.dir/Core/Src/gpio.c.obj
 .debug_macro   0x00014f86      0x1df CMakeFiles/hx711TIM.dir/Core/Src/dma.c.obj
 .debug_macro   0x00015165      0x1df CMakeFiles/hx711TIM.dir/Core/Src/fdcan.c.obj
 .debug_macro   0x00015344      0x1df CMakeFiles/hx711TIM.dir/Core/Src/tim.c.obj
 .debug_macro   0x00015523      0x1df CMakeFiles/hx711TIM.dir/Core/Src/stm32c0xx_it.c.obj
 .debug_macro   0x00015702      0x1d5 CMakeFiles/hx711TIM.dir/Core/Src/stm32c0xx_hal_msp.c.obj

.debug_line     0x00000000     0xf40b
 .debug_line    0x00000000      0x745 cmake/stm32cubemx/CMakeFiles/STM32_Drivers.dir/__/__/Core/Src/system_stm32c0xx.c.obj
 .debug_line    0x00000745      0xa22 cmake/stm32cubemx/CMakeFiles/STM32_Drivers.dir/__/__/Drivers/STM32C0xx_HAL_Driver/Src/stm32c0xx_hal.c.obj
 .debug_line    0x00001167      0xb3a cmake/stm32cubemx/CMakeFiles/STM32_Drivers.dir/__/__/Drivers/STM32C0xx_HAL_Driver/Src/stm32c0xx_hal_cortex.c.obj
 .debug_line    0x00001ca1      0xd55 cmake/stm32cubemx/CMakeFiles/STM32_Drivers.dir/__/__/Drivers/STM32C0xx_HAL_Driver/Src/stm32c0xx_hal_rcc.c.obj
 .debug_line    0x000029f6      0x9ec cmake/stm32cubemx/CMakeFiles/STM32_Drivers.dir/__/__/Drivers/STM32C0xx_HAL_Driver/Src/stm32c0xx_hal_rcc_ex.c.obj
 .debug_line    0x000033e2      0xb37 cmake/stm32cubemx/CMakeFiles/STM32_Drivers.dir/__/__/Drivers/STM32C0xx_HAL_Driver/Src/stm32c0xx_hal_gpio.c.obj
 .debug_line    0x00003f19      0xd27 cmake/stm32cubemx/CMakeFiles/STM32_Drivers.dir/__/__/Drivers/STM32C0xx_HAL_Driver/Src/stm32c0xx_hal_dma.c.obj
 .debug_line    0x00004c40     0x185a cmake/stm32cubemx/CMakeFiles/STM32_Drivers.dir/__/__/Drivers/STM32C0xx_HAL_Driver/Src/stm32c0xx_hal_fdcan.c.obj
 .debug_line    0x0000649a     0x3c74 cmake/stm32cubemx/CMakeFiles/STM32_Drivers.dir/__/__/Drivers/STM32C0xx_HAL_Driver/Src/stm32c0xx_hal_tim.c.obj
 .debug_line    0x0000a10e     0x1b4f cmake/stm32cubemx/CMakeFiles/STM32_Drivers.dir/__/__/Drivers/STM32C0xx_HAL_Driver/Src/stm32c0xx_hal_tim_ex.c.obj
 .debug_line    0x0000bc5d      0x87f CMakeFiles/hx711TIM.dir/Core/Src/main.c.obj
 .debug_line    0x0000c4dc      0x6f1 CMakeFiles/hx711TIM.dir/Core/Src/gpio.c.obj
 .debug_line    0x0000cbcd      0x6e4 CMakeFiles/hx711TIM.dir/Core/Src/dma.c.obj
 .debug_line    0x0000d2b1      0x785 CMakeFiles/hx711TIM.dir/Core/Src/fdcan.c.obj
 .debug_line    0x0000da36      0x82f CMakeFiles/hx711TIM.dir/Core/Src/tim.c.obj
 .debug_line    0x0000e265      0x75d CMakeFiles/hx711TIM.dir/Core/Src/stm32c0xx_it.c.obj
 .debug_line    0x0000e9c2      0x6e8 CMakeFiles/hx711TIM.dir/Core/Src/stm32c0xx_hal_msp.c.obj
 .debug_line    0x0000f0aa       0x7d CMakeFiles/hx711TIM.dir/startup_stm32c092xx.s.obj
 .debug_line    0x0000f127      0x178 /home/olek/.local/share/stm32cube/bundles/gnu-tools-for-stm32/14.3.1+st.2/bin/../lib/gcc/arm-none-eabi/14.3.1/../../../../arm-none-eabi/lib/thumb/v6-m/nofp/libg_nano.a(libc_a-memset.o)
 .debug_line    0x0000f29f      0x16c /home/olek/.local/share/stm32cube/bundles/gnu-tools-for-stm32/14.3.1+st.2/bin/../lib/gcc/arm-none-eabi/14.3.1/../../../../arm-none-eabi/lib/thumb/v6-m/nofp/libg_nano.a(libc_a-init.o)

.debug_str      0x00000000    0x8891a
 .debug_str     0x00000000    0x8891a cmake/stm32cubemx/CMakeFiles/STM32_Drivers.dir/__/__/Core/Src/system_stm32c0xx.c.obj
                              0x83eab (size before relaxing)
 .debug_str     0x0008891a    0x84507 cmake/stm32cubemx/CMakeFiles/STM32_Drivers.dir/__/__/Drivers/STM32C0xx_HAL_Driver/Src/stm32c0xx_hal.c.obj
 .debug_str     0x0008891a    0x8432a cmake/stm32cubemx/CMakeFiles/STM32_Drivers.dir/__/__/Drivers/STM32C0xx_HAL_Driver/Src/stm32c0xx_hal_cortex.c.obj
 .debug_str     0x0008891a    0x844a2 cmake/stm32cubemx/CMakeFiles/STM32_Drivers.dir/__/__/Drivers/STM32C0xx_HAL_Driver/Src/stm32c0xx_hal_rcc.c.obj
 .debug_str     0x0008891a    0x84129 cmake/stm32cubemx/CMakeFiles/STM32_Drivers.dir/__/__/Drivers/STM32C0xx_HAL_Driver/Src/stm32c0xx_hal_rcc_ex.c.obj
 .debug_str     0x0008891a    0x840a3 cmake/stm32cubemx/CMakeFiles/STM32_Drivers.dir/__/__/Drivers/STM32C0xx_HAL_Driver/Src/stm32c0xx_hal_gpio.c.obj
 .debug_str     0x0008891a    0x84322 cmake/stm32cubemx/CMakeFiles/STM32_Drivers.dir/__/__/Drivers/STM32C0xx_HAL_Driver/Src/stm32c0xx_hal_dma.c.obj
 .debug_str     0x0008891a    0x8552b cmake/stm32cubemx/CMakeFiles/STM32_Drivers.dir/__/__/Drivers/STM32C0xx_HAL_Driver/Src/stm32c0xx_hal_fdcan.c.obj
 .debug_str     0x0008891a    0x853d3 cmake/stm32cubemx/CMakeFiles/STM32_Drivers.dir/__/__/Drivers/STM32C0xx_HAL_Driver/Src/stm32c0xx_hal_tim.c.obj
 .debug_str     0x0008891a    0x84d61 cmake/stm32cubemx/CMakeFiles/STM32_Drivers.dir/__/__/Drivers/STM32C0xx_HAL_Driver/Src/stm32c0xx_hal_tim_ex.c.obj
 .debug_str     0x0008891a    0x8441c CMakeFiles/hx711TIM.dir/Core/Src/main.c.obj
 .debug_str     0x0008891a    0x83f67 CMakeFiles/hx711TIM.dir/Core/Src/gpio.c.obj
 .debug_str     0x0008891a    0x840c0 CMakeFiles/hx711TIM.dir/Core/Src/dma.c.obj
 .debug_str     0x0008891a    0x8445d CMakeFiles/hx711TIM.dir/Core/Src/fdcan.c.obj
 .debug_str     0x0008891a    0x848db CMakeFiles/hx711TIM.dir/Core/Src/tim.c.obj
 .debug_str     0x0008891a    0x8416b CMakeFiles/hx711TIM.dir/Core/Src/stm32c0xx_it.c.obj
 .debug_str     0x0008891a    0x83ed8 CMakeFiles/hx711TIM.dir/Core/Src/stm32c0xx_hal_msp.c.obj
 .debug_str     0x0008891a       0x8a CMakeFiles/hx711TIM.dir/startup_stm32c092xx.s.obj
 .debug_str     0x0008891a      0x20a /home/olek/.local/share/stm32cube/bundles/gnu-tools-for-stm32/14.3.1+st.2/bin/../lib/gcc/arm-none-eabi/14.3.1/../../../../arm-none-eabi/lib/thumb/v6-m/nofp/libg_nano.a(libc_a-memset.o)
 .debug_str     0x0008891a      0x26b /home/olek/.local/share/stm32cube/bundles/gnu-tools-for-stm32/14.3.1+st.2/bin/../lib/gcc/arm-none-eabi/14.3.1/../../../../arm-none-eabi/lib/thumb/v6-m/nofp/libg_nano.a(libc_a-init.o)

.debug_frame    0x00000000     0x2d98
 .debug_frame   0x00000000       0x4c cmake/stm32cubemx/CMakeFiles/STM32_Drivers.dir/__/__/Core/Src/system_stm32c0xx.c.obj
 .debug_frame   0x0000004c      0x368 cmake/stm32cubemx/CMakeFiles/STM32_Drivers.dir/__/__/Drivers/STM32C0xx_HAL_Driver/Src/stm32c0xx_hal.c.obj
 .debug_frame   0x000003b4      0x33c cmake/stm32cubemx/CMakeFiles/STM32_Drivers.dir/__/__/Drivers/STM32C0xx_HAL_Driver/Src/stm32c0xx_hal_cortex.c.obj
 .debug_frame   0x000006f0      0x214 cmake/stm32cubemx/CMakeFiles/STM32_Drivers.dir/__/__/Drivers/STM32C0xx_HAL_Driver/Src/stm32c0xx_hal_rcc.c.obj
 .debug_frame   0x00000904       0xac cmake/stm32cubemx/CMakeFiles/STM32_Drivers.dir/__/__/Drivers/STM32C0xx_HAL_Driver/Src/stm32c0xx_hal_rcc_ex.c.obj
 .debug_frame   0x000009b0      0x150 cmake/stm32cubemx/CMakeFiles/STM32_Drivers.dir/__/__/Drivers/STM32C0xx_HAL_Driver/Src/stm32c0xx_hal_gpio.c.obj
 .debug_frame   0x00000b00      0x1f0 cmake/stm32cubemx/CMakeFiles/STM32_Drivers.dir/__/__/Drivers/STM32C0xx_HAL_Driver/Src/stm32c0xx_hal_dma.c.obj
 .debug_frame   0x00000cf0      0x7d0 cmake/stm32cubemx/CMakeFiles/STM32_Drivers.dir/__/__/Drivers/STM32C0xx_HAL_Driver/Src/stm32c0xx_hal_fdcan.c.obj
 .debug_frame   0x000014c0      0xf40 cmake/stm32cubemx/CMakeFiles/STM32_Drivers.dir/__/__/Drivers/STM32C0xx_HAL_Driver/Src/stm32c0xx_hal_tim.c.obj
 .debug_frame   0x00002400      0x620 cmake/stm32cubemx/CMakeFiles/STM32_Drivers.dir/__/__/Drivers/STM32C0xx_HAL_Driver/Src/stm32c0xx_hal_tim_ex.c.obj
 .debug_frame   0x00002a20       0xc8 CMakeFiles/hx711TIM.dir/Core/Src/main.c.obj
 .debug_frame   0x00002ae8       0x30 CMakeFiles/hx711TIM.dir/Core/Src/gpio.c.obj
 .debug_frame   0x00002b18       0x30 CMakeFiles/hx711TIM.dir/Core/Src/dma.c.obj
 .debug_frame   0x00002b48       0x6c CMakeFiles/hx711TIM.dir/Core/Src/fdcan.c.obj
 .debug_frame   0x00002bb4       0x90 CMakeFiles/hx711TIM.dir/Core/Src/tim.c.obj
 .debug_frame   0x00002c44       0xb8 CMakeFiles/hx711TIM.dir/Core/Src/stm32c0xx_it.c.obj
 .debug_frame   0x00002cfc       0x30 CMakeFiles/hx711TIM.dir/Core/Src/stm32c0xx_hal_msp.c.obj
 .debug_frame   0x00002d2c       0x20 /home/olek/.local/share/stm32cube/bundles/gnu-tools-for-stm32/14.3.1+st.2/bin/../lib/gcc/arm-none-eabi/14.3.1/thumb/v6-m/nofp/libgcc.a(_udivsi3.o)
 .debug_frame   0x00002d4c       0x20 /home/olek/.local/share/stm32cube/bundles/gnu-tools-for-stm32/14.3.1+st.2/bin/../lib/gcc/arm-none-eabi/14.3.1/../../../../arm-none-eabi/lib/thumb/v6-m/nofp/libg_nano.a(libc_a-memset.o)
 .debug_frame   0x00002d6c       0x2c /home/olek/.local/share/stm32cube/bundles/gnu-tools-for-stm32/14.3.1+st.2/bin/../lib/gcc/arm-none-eabi/14.3.1/../../../../arm-none-eabi/lib/thumb/v6-m/nofp/libg_nano.a(libc_a-init.o)

.debug_line_str
                0x00000000       0x6e
 .debug_line_str
                0x00000000       0x6e CMakeFiles/hx711TIM.dir/startup_stm32c092xx.s.obj

.debug_loclists
                0x00000000       0xdb
 .debug_loclists
                0x00000000       0x80 /home/olek/.local/share/stm32cube/bundles/gnu-tools-for-stm32/14.3.1+st.2/bin/../lib/gcc/arm-none-eabi/14.3.1/../../../../arm-none-eabi/lib/thumb/v6-m/nofp/libg_nano.a(libc_a-memset.o)
 .debug_loclists
                0x00000080       0x5b /home/olek/.local/share/stm32cube/bundles/gnu-tools-for-stm32/14.3.1+st.2/bin/../lib/gcc/arm-none-eabi/14.3.1/../../../../arm-none-eabi/lib/thumb/v6-m/nofp/libg_nano.a(libc_a-init.o)
